ARM Linker, 5.03 [Build 24] [MDK-ARM Standard]

==============================================================================

Section Cross References

    system_stm32f10x.o(.text) refers to system_stm32f10x.o(.data) for SystemCoreClock
    startup_stm32f10x_hd.o(STACK) refers (Special) to heapauxi.o(.text) for __use_two_region_memory
    startup_stm32f10x_hd.o(HEAP) refers (Special) to heapauxi.o(.text) for __use_two_region_memory
    startup_stm32f10x_hd.o(RESET) refers (Special) to heapauxi.o(.text) for __use_two_region_memory
    startup_stm32f10x_hd.o(RESET) refers to startup_stm32f10x_hd.o(.text) for Reset_Handler
    startup_stm32f10x_hd.o(RESET) refers to stm32f10x_it.o(.text) for NMI_Handler
    startup_stm32f10x_hd.o(RESET) refers to systick.o(.text) for SysTick_Handler
    startup_stm32f10x_hd.o(RESET) refers to can.o(.text) for USB_LP_CAN1_RX0_IRQHandler
    startup_stm32f10x_hd.o(RESET) refers to usart.o(.text) for USART1_IRQHandler
    startup_stm32f10x_hd.o(.text) refers (Special) to heapauxi.o(.text) for __use_two_region_memory
    startup_stm32f10x_hd.o(.text) refers to startup_stm32f10x_hd.o(STACK) for __initial_sp
    startup_stm32f10x_hd.o(.text) refers to __main.o(!!!main) for __main
    startup_stm32f10x_hd.o(.text) refers to startup_stm32f10x_hd.o(HEAP) for Heap_Mem
    stm32f10x_adc.o(.text) refers to stm32f10x_rcc.o(.text) for RCC_APB2PeriphResetCmd
    stm32f10x_bkp.o(.text) refers to stm32f10x_rcc.o(.text) for RCC_BackupResetCmd
    stm32f10x_can.o(.text) refers to stm32f10x_rcc.o(.text) for RCC_APB1PeriphResetCmd
    stm32f10x_cec.o(.text) refers to stm32f10x_rcc.o(.text) for RCC_APB1PeriphResetCmd
    stm32f10x_dac.o(.text) refers to stm32f10x_rcc.o(.text) for RCC_APB1PeriphResetCmd
    stm32f10x_gpio.o(.text) refers to stm32f10x_rcc.o(.text) for RCC_APB2PeriphResetCmd
    stm32f10x_i2c.o(.text) refers to stm32f10x_rcc.o(.text) for RCC_APB1PeriphResetCmd
    stm32f10x_pwr.o(.text) refers to stm32f10x_rcc.o(.text) for RCC_APB1PeriphResetCmd
    stm32f10x_rcc.o(.text) refers to stm32f10x_rcc.o(.data) for APBAHBPrescTable
    stm32f10x_spi.o(.text) refers to stm32f10x_rcc.o(.text) for RCC_APB2PeriphResetCmd
    stm32f10x_tim.o(.text) refers to stm32f10x_rcc.o(.text) for RCC_APB2PeriphResetCmd
    stm32f10x_usart.o(.text) refers to stm32f10x_rcc.o(.text) for RCC_APB2PeriphResetCmd
    stm32f10x_wwdg.o(.text) refers to stm32f10x_rcc.o(.text) for RCC_APB1PeriphResetCmd
    iwdg.o(.text) refers to stm32f10x_iwdg.o(.text) for IWDG_WriteAccessCmd
    sysinit.o(.text) refers to stm32f10x_rcc.o(.text) for RCC_DeInit
    sysinit.o(.text) refers to stm32f10x_flash.o(.text) for FLASH_PrefetchBufferCmd
    sysinit.o(.text) refers to misc.o(.text) for NVIC_SetVectorTable
    systick.o(.text) refers to misc.o(.text) for SysTick_CLKSourceConfig
    systick.o(.text) refers to systick.o(.bss) for g_soft_tmr
    systick.o(.text) refers to systick.o(.data) for g_running_second
    usart.o(.text) refers to stm32f10x_rcc.o(.text) for RCC_APB2PeriphClockCmd
    usart.o(.text) refers to stm32f10x_gpio.o(.text) for GPIO_Init
    usart.o(.text) refers to stm32f10x_usart.o(.text) for USART_Init
    usart.o(.text) refers to misc.o(.text) for NVIC_PriorityGroupConfig
    usart.o(.text) refers to c89vsprintf.o(.text) for __c89vsprintf
    usart.o(.text) refers to strlen.o(.text) for strlen
    usart.o(.text) refers to strncmp.o(.text) for strncmp
    usart.o(.text) refers to rt_memclr_w.o(.text) for __aeabi_memclr4
    usart.o(.text) refers to usart.o(.bss) for _usart4_recv_buf
    usart.o(.text) refers to usart.o(.data) for byte_status
    usart.o(.text) refers to rt_memcpy_v6.o(.text) for __aeabi_memcpy
    usart.o(.text) refers to usart.o(.constdata) for __func__
    sim800.o(.text) refers to rt_memclr.o(.text) for __aeabi_memclr
    sim800.o(.text) refers to usart.o(.text) for usart1_printf
    sim800.o(.text) refers to strstr.o(.text) for strstr
    sim800.o(.text) refers to systick.o(.text) for start_soft_tmr
    sim800.o(.text) refers to stm32f10x_gpio.o(.text) for GPIO_ResetBits
    sim800.o(.text) refers to frame.o(.text) for set_frame_data
    sim800.o(.text) refers to stm32f10x_rcc.o(.text) for RCC_APB2PeriphClockCmd
    sim800.o(.text) refers to usart.o(.data) for USART1_RX_STA
    sim800.o(.text) refers to usart.o(.bss) for USART1_RX_BUF
    sim800.o(.text) refers to sim800.o(.data) for _gsm_report_cmd
    sim800.o(.text) refers to sim800.o(.bss) for cipstart_cmd
    gpio.o(.text) refers to stm32f10x_rcc.o(.text) for RCC_APB2PeriphClockCmd
    gpio.o(.text) refers to stm32f10x_gpio.o(.text) for GPIO_Init
    gstar.o(.text) refers to systick.o(.text) for check_soft_tmr
    gstar.o(.text) refers to rt_memclr.o(.text) for __aeabi_memclr
    gstar.o(.text) refers to tool.o(.text) for tool_get_str_gnrmc
    gstar.o(.text) refers to usart.o(.text) for debug_printf
    gstar.o(.text) refers to usart.o(.data) for USART3_RX_STA
    gstar.o(.text) refers to usart.o(.bss) for USART3_RX_BUF
[...]
    .data                                    0x2000001c   Section       12  usart.o(.data)
    _usart4_frame_index                      0x2000001e   Data           2  usart.o(.data)
    _usart4_frame_length                     0x20000020   Data           2  usart.o(.data)
    byte_status                              0x20000026   Data           1  usart.o(.data)
    status                                   0x20000027   Data           1  usart.o(.data)
    .data                                    0x20000028   Section        3  sim800.o(.data)
    _gsm_report_cmd                          0x20000028   Data           1  sim800.o(.data)
    _send_opt_over                           0x20000029   Data           1  sim800.o(.data)
    .data                                    0x2000002c   Section       28  gstar.o(.data)
    .bss                                     0x20000048   Section       32  systick.o(.bss)
    .bss                                     0x20000068   Section     4816  usart.o(.bss)
    _usart1_send_buf                         0x20000068   Data         600  usart.o(.bss)
    _usart3_send_buf                         0x200002c0   Data         600  usart.o(.bss)
    _usart4_send_buf                         0x20000518   Data         600  usart.o(.bss)
    _usart4_recv_buf                         0x20000770   Data         600  usart.o(.bss)
    _usart4_recv_queue                       0x200009c8   Data          16  usart.o(.bss)
    _usart4_frame_buffer                     0x200009d8   Data         600  usart.o(.bss)
    .bss                                     0x20001338   Section       98  sim800.o(.bss)
    .bss                                     0x2000139a   Section      100  gstar.o(.bss)
    _search_buf                              0x2000139a   Data         100  gstar.o(.bss)
    .bss                                     0x200013fe   Section      779  can.o(.bss)
    .bss                                     0x20001709   Section     1131  frame.o(.bss)
    _report_hy_data                          0x20001709   Data         127  frame.o(.bss)
    _report_ax_data                          0x20001788   Data         131  frame.o(.bss)
    _report_xx_data                          0x2000180b   Data         108  frame.o(.bss)
    _report_cgqc_data                        0x20001877   Data         145  frame.o(.bss)
    _report_dykj_data                        0x20001908   Data         145  frame.o(.bss)
    _report_jsyt_data                        0x20001999   Data         145  frame.o(.bss)
    _report_vict_data                        0x20001a2a   Data         185  frame.o(.bss)
    _report_ydzy_data                        0x20001ae3   Data         145  frame.o(.bss)
    .bss                                     0x20001b74   Section     1200  usarttask.o(.bss)
    recv_packet                              0x20001b74   Data         600  usarttask.o(.bss)
    send_packet                              0x20001dcc   Data         600  usarttask.o(.bss)
    .bss                                     0x20002024   Section       96  libspace.o(.bss)
    HEAP                                     0x20002088   Section        0  startup_stm32f10x_hd.o(HEAP)
    STACK                                    0x20002088   Section     2048  startup_stm32f10x_hd.o(STACK)
    Heap_Mem                                 0x20002088   Data           0  startup_stm32f10x_hd.o(HEAP)
    Stack_Mem                                0x20002088   Data        2048  startup_stm32f10x_hd.o(STACK)
    __initial_sp                             0x20002888   Data           0  startup_stm32f10x_hd.o(STACK)

    Global Symbols

    Symbol Name                              Value     Ov Type        Size  Object(Section)

    BuildAttributes$$THM_ISAv4$P$D$K$B$S$PE$A:L22UL41UL21$X:L11$S22US41US21$IEEE1$IW$USESV6$~STKCKD$USESV7$~SHL$OTIME$ROPI$IEEEJ$EBA8$UX$STANDARDLIB$REQ8$PRES8$EABIv2 0x00000000   Number         0  anon$$obj.o ABSOLUTE
    __ARM_use_no_argv                        0x00000000   Number         0  main.o ABSOLUTE
    _printf_flags                            0x00000000   Number         0  printf_stubs.o ABSOLUTE
    _printf_return_value                     0x00000000   Number         0  printf_stubs.o ABSOLUTE
    _printf_sizespec                         0x00000000   Number         0  printf_stubs.o ABSOLUTE
    _printf_widthprec                        0x00000000   Number         0  printf_stubs.o ABSOLUTE
    __ARM_exceptions_init                     - Undefined Weak Reference
    __alloca_initialize                       - Undefined Weak Reference
    __cpp_initialize__aeabi_                  - Undefined Weak Reference
    __cxa_finalize                            - Undefined Weak Reference
    __sigvec_lookup                           - Undefined Weak Reference
    _atexit_init                              - Undefined Weak Reference
    _call_atexit_fns                          - Undefined Weak Reference
    _clock_init                               - Undefined Weak Reference
    _fp_trap_init                             - Undefined Weak Reference
    _fp_trap_shutdown                         - Undefined Weak Reference
    _get_lc_collate                           - Undefined Weak Reference
    _get_lc_monetary                          - Undefined Weak Reference
    _get_lc_time                              - Undefined Weak Reference
    _getenv_init                              - Undefined Weak Reference
    _handle_redirection                       - Undefined Weak Reference
    _init_alloc                               - Undefined Weak Reference
    _init_user_alloc                          - Undefined Weak Reference
    _initio                                   - Undefined Weak Reference
    _printf_fp_hex                            - Undefined Weak Reference
    _printf_mbtowc                            - Undefined Weak Reference
    _printf_wc                                - Undefined Weak Reference
    _rand_init                                - Undefined Weak Reference
    _signal_finish                            - Undefined Weak Reference
    _signal_init                              - Undefined Weak Reference
    _terminate_alloc                          - Undefined Weak Reference
    _terminate_user_alloc                     - Undefined Weak Reference
    _terminateio                              - Undefined Weak Reference
    __Vectors_Size                           0x00000130   Number         0  startup_stm32f10x_hd.o ABSOLUTE
    __Vectors                                0x08000000   Data           4  startup_stm32f10x_hd.o(RESET)
    __Vectors_End                            0x08000130   Data           0  startup_stm32f10x_hd.o(RESET)
    __main                                   0x08000131   Thumb Code     8  __main.o(!!!main)
    __scatterload                            0x08000139   Thumb Code     0  __scatter.o(!!!scatter)
    __scatterload_rt2                        0x08000139   Thumb Code    44  __scatter.o(!!!scatter)
    __scatterload_rt2_thumb_only             0x08000139   Thumb Code     0  __scatter.o(!!!scatter)
    __scatterload_null                       0x08000147   Thumb Code     0  __scatter.o(!!!scatter)
    __scatterload_copy                       0x0800016d   Thumb Code    26  __scatter_copy.o(!!handler_copy)
    __scatterload_zeroinit                   0x08000189   Thumb Code    28  __scatter_zi.o(!!handler_zi)
    _printf_n                                0x080001a5   Thumb Code     0  _printf_n.o(.ARM.Collect$$_printf_percent$$00000001)
    _printf_percent                          0x080001a5   Thumb Code     0  _printf_percent.o(.ARM.Collect$$_printf_percent$$00000000)
    _printf_p                                0x080001ab   Thumb Code     0  _printf_p.o(.ARM.Collect$$_printf_percent$$00000002)
    _printf_f                                0x080001b1   Thumb Code     0  _printf_f.o(.ARM.Collect$$_printf_percent$$00000003)
    _printf_e                                0x080001b7   Thumb Code     0  _printf_e.o(.ARM.Collect$$_printf_percent$$00000004)
    _printf_g                                0x080001bd   Thumb Code     0  _printf_g.o(.ARM.Collect$$_printf_percent$$00000005)
    _printf_a                                0x080001c3   Thumb Code     0  _printf_a.o(.ARM.Collect$$_printf_percent$$00000006)
    _printf_ll                               0x080001c9   Thumb Code     0  _printf_ll.o(.ARM.Collect$$_printf_percent$$00000007)
    _printf_i                                0x080001d3   Thumb Code     0  _printf_i.o(.ARM.Collect$$_printf_percent$$00000008)
    _printf_d                                0x080001d9   Thumb Code     0  _printf_d.o(.ARM.Collect$$_printf_percent$$00000009)
    _printf_u                                0x080001df   Thumb Code     0  _printf_u.o(.ARM.Collect$$_printf_percent$$0000000A)
    _printf_o                                0x080001e5   Thumb Code     0  _printf_o.o(.ARM.Collect$$_printf_percent$$0000000B)
    _printf_x                                0x080001eb   Thumb Code     0  _printf_x.o(.ARM.Collect$$_printf_percent$$0000000C)
    _printf_lli                              0x080001f1   Thumb Code     0  _printf_lli.o(.ARM.Collect$$_printf_percent$$0000000D)
    _printf_lld                              0x080001f7   Thumb Code     0  _printf_lld.o(.ARM.Collect$$_printf_percent$$0000000E)
    _printf_llu                              0x080001fd   Thumb Code     0  _printf_llu.o(.ARM.Collect$$_printf_percent$$0000000F)
    _printf_llo                              0x08000203   Thumb Code     0  _printf_llo.o(.ARM.Collect$$_printf_percent$$00000010)
    _printf_llx                              0x08000209   Thumb Code     0  _printf_llx.o(.ARM.Collect$$_printf_percent$$00000011)
    _printf_l                                0x0800020f   Thumb Code     0  _printf_l.o(.ARM.Collect$$_printf_percent$$00000012)
    _printf_c                                0x08000219   Thumb Code     0  _printf_c.o(.ARM.Collect$$_printf_percent$$00000013)
    _printf_s                                0x0800021f   Thumb Code     0  _printf_s.o(.ARM.Collect$$_printf_percent$$00000014)
    _printf_lc                               0x08000225   Thumb Code     0  _printf_lc.o(.ARM.Collect$$_printf_percent$$00000015)
    _printf_ls                               0x0800022b   Thumb Code     0  _printf_ls.o(.ARM.Collect$$_printf_percent$$00000016)
    _printf_percent_end                      0x08000231   Thumb Code     0  _printf_percent_end.o(.ARM.Collect$$_printf_percent$$00000017)
    __rt_lib_init                            0x08000235   Thumb Code     0  libinit.o(.ARM.Collect$$libinit$$00000000)
    __rt_lib_init_fp_1                       0x08000237   Thumb Code     0  libinit2.o(.ARM.Collect$$libinit$$00000002)
    __rt_lib_init_heap_1                     0x08000237   Thumb Code     0  libinit2.o(.ARM.Collect$$libinit$$00000008)
    __rt_lib_init_lc_common                  0x08000237   Thumb Code     0  libinit2.o(.ARM.Collect$$libinit$$0000000D)
    __rt_lib_init_rand_1                     0x08000237   Thumb Code     0  libinit2.o(.ARM.Collect$$libinit$$0000000C)
    __rt_lib_init_user_alloc_1               0x08000237   Thumb Code     0  libinit2.o(.ARM.Collect$$libinit$$0000000A)
    __rt_lib_init_lc_collate_1               0x0800023d   Thumb Code     0  libinit2.o(.ARM.Collect$$libinit$$0000000F)
    __rt_lib_init_lc_ctype_2                 0x0800023d   Thumb Code     0  libinit2.o(.ARM.Collect$$libinit$$00000010)
    __rt_lib_init_lc_ctype_1                 0x08000249   Thumb Code     0  libinit2.o(.ARM.Collect$$libinit$$00000011)
    __rt_lib_init_lc_monetary_1              0x08000249   Thumb Code     0  libinit2.o(.ARM.Collect$$libinit$$00000013)
    __rt_lib_init_lc_numeric_2               0x08000249   Thumb Code     0  libinit2.o(.ARM.Collect$$libinit$$00000014)
    __rt_lib_init_alloca_1                   0x08000253   Thumb Code     0  libinit2.o(.ARM.Collect$$libinit$$0000002C)
    __rt_lib_init_argv_1                     0x08000253   Thumb Code     0  libinit2.o(.ARM.Collect$$libinit$$0000002A)
    __rt_lib_init_atexit_1                   0x08000253   Thumb Code     0  libinit2.o(.ARM.Collect$$libinit$$00000019)
    __rt_lib_init_clock_1                    0x08000253   Thumb Code     0  libinit2.o(.ARM.Collect$$libinit$$0000001F)
    __rt_lib_init_cpp_1                      0x08000253   Thumb Code     0  libinit2.o(.ARM.Collect$$libinit$$00000030)
    __rt_lib_init_exceptions_1               0x08000253   Thumb Code     0  libinit2.o(.ARM.Collect$$libinit$$0000002E)
    __rt_lib_init_fp_trap_1                  0x08000253   Thumb Code     0  libinit2.o(.ARM.Collect$$libinit$$0000001D)
    __rt_lib_init_getenv_1                   0x08000253   Thumb Code     0  libinit2.o(.ARM.Collect$$libinit$$00000021)
    __rt_lib_init_lc_numeric_1               0x08000253   Thumb Code     0  libinit2.o(.ARM.Collect$$libinit$$00000015)
    __rt_lib_init_lc_time_1                  0x08000253   Thumb Code     0  libinit2.o(.ARM.Collect$$libinit$$00000017)
    __rt_lib_init_return                     0x08000253   Thumb Code     0  libinit2.o(.ARM.Collect$$libinit$$00000031)
    __rt_lib_init_signal_1                   0x08000253   Thumb Code     0  libinit2.o(.ARM.Collect$$libinit$$0000001B)
    __rt_lib_init_stdio_1                    0x08000253   Thumb Code     0  libinit2.o(.ARM.Collect$$libinit$$00000023)
    __rt_lib_shutdown                        0x08000255   Thumb Code     0  libshutdown.o(.ARM.Collect$$libshutdown$$00000000)
    __rt_lib_shutdown_fp_trap_1              0x08000257   Thumb Code     0  libshutdown2.o(.ARM.Collect$$libshutdown$$00000006)
    __rt_lib_shutdown_heap_1                 0x08000257   Thumb Code     0  libshutdown2.o(.ARM.Collect$$libshutdown$$0000000E)
    __rt_lib_shutdown_return                 0x08000257   Thumb Code     0  libshutdown2.o(.ARM.Collect$$libshutdown$$0000000F)
    __rt_lib_shutdown_signal_1               0x08000257   Thumb Code     0  libshutdown2.o(.ARM.Collect$$libshutdown$$00000009)
    __rt_lib_shutdown_stdio_1                0x08000257   Thumb Code     0  libshutdown2.o(.ARM.Collect$$libshutdown$$00000003)
    __rt_lib_shutdown_user_alloc_1           0x08000257   Thumb Code     0  libshutdown2.o(.ARM.Collect$$libshutdown$$0000000B)
    __rt_entry                               0x08000259   Thumb Code     0  rtentry.o(.ARM.Collect$$rtentry$$00000000)
    __rt_entry_presh_1                       0x08000259   Thumb Code     0  rtentry2.o(.ARM.Collect$$rtentry$$00000002)
    __rt_entry_sh                            0x08000259   Thumb Code     0  rtentry4.o(.ARM.Collect$$rtentry$$00000004)
    __rt_entry_li                            0x0800025f   Thumb Code     0  rtentry2.o(.ARM.Collect$$rtentry$$0000000A)
    __rt_entry_postsh_1                      0x0800025f   Thumb Code     0  rtentry2.o(.ARM.Collect$$rtentry$$00000009)
    __rt_entry_main                          0x08000263   Thumb Code     0  rtentry2.o(.ARM.Collect$$rtentry$$0000000D)
    __rt_entry_postli_1                      0x08000263   Thumb Code     0  rtentry2.o(.ARM.Collect$$rtentry$$0000000C)
    __rt_exit                                0x0800026b   Thumb Code     0  rtexit.o(.ARM.Collect$$rtexit$$00000000)
    __rt_exit_ls                             0x0800026d   Thumb Code     0  rtexit2.o(.ARM.Collect$$rtexit$$00000003)
    __rt_exit_prels_1                        0x0800026d   Thumb Code     0  rtexit2.o(.ARM.Collect$$rtexit$$00000002)
    __rt_exit_exit                           0x08000271   Thumb Code     0  rtexit2.o(.ARM.Collect$$rtexit$$00000004)
    INTX_DISABLE                             0x08000279   Thumb Code     2  core.o(.emb_text)
    INTX_ENABLE                              0x0800027b   Thumb Code     2  core.o(.emb_text)
    MSR_MSP                                  0x0800027d   Thumb Code     6  core.o(.emb_text)
    NMI_Handler                              0x08000283   Thumb Code     2  stm32f10x_it.o(.text)
    HardFault_Handler                        0x08000285   Thumb Code     4  stm32f10x_it.o(.text)
    MemManage_Handler                        0x08000289   Thumb Code     4  stm32f10x_it.o(.text)
    BusFault_Handler                         0x0800028d   Thumb Code     4  stm32f10x_it.o(.text)
    UsageFault_Handler                       0x08000291   Thumb Code     4  stm32f10x_it.o(.text)
    SVC_Handler                              0x08000295   Thumb Code     2  stm32f10x_it.o(.text)
    DebugMon_Handler                         0x08000297   Thumb Code     2  stm32f10x_it.o(.text)
    PendSV_Handler                           0x08000299   Thumb Code     2  stm32f10x_it.o(.text)
    SystemInit_ExtMemCtl                     0x0800029d   Thumb Code     2  startup_stm32f10x_hd.o(.text)
    Reset_Handler                            0x0800029f   Thumb Code    14  startup_stm32f10x_hd.o(.text)
    ADC1_2_IRQHandler                        0x080002bf   Thumb Code     0  startup_stm32f10x_hd.o(.text)
    ADC3_IRQHandler                          0x080002bf   Thumb Code     0  startup_stm32f10x_hd.o(.text)
    CAN1_RX1_IRQHandler                      0x080002bf   Thumb Code     0  startup_stm32f10x_hd.o(.text)
    CAN1_SCE_IRQHandler                      0x080002bf   Thumb Code     0  startup_stm32f10x_hd.o(.text)
    DMA1_Channel1_IRQHandler                 0x080002bf   Thumb Code     0  startup_stm32f10x_hd.o(.text)
    DMA1_Channel2_IRQHandler                 0x080002bf   Thumb Code     0  startup_stm32f10x_hd.o(.text)
    DMA1_Channel3_IRQHandler                 0x080002bf   Thumb Code     0  startup_stm32f10x_hd.o(.text)
    DMA1_Channel4_IRQHandler                 0x080002bf   Thumb Code     0  startup_stm32f10x_hd.o(.text)
    DMA1_Channel5_IRQHandler                 0x080002bf   Thumb Code     0  startup_stm32f10x_hd.o(.text)
    DMA1_Channel6_IRQHandler                 0x080002bf   Thumb Code     0  startup_stm32f10x_hd.o(.text)
    DMA1_Channel7_IRQHandler                 0x080002bf   Thumb Code     0  startup_stm32f10x_hd.o(.text)
    DMA2_Channel1_IRQHandler                 0x080002bf   Thumb Code     0  startup_stm32f10x_hd.o(.text)
    DMA2_Channel2_IRQHandler                 0x080002bf   Thumb Code     0  startup_stm32f10x_hd.o(.text)
    DMA2_Channel3_IRQHandler                 0x080002bf   Thumb Code     0  startup_stm32f10x_hd.o(.text)
    DMA2_Channel4_5_IRQHandler               0x080002bf   Thumb Code     0  startup_stm32f10x_hd.o(.text)
    EXTI0_IRQHandler                         0x080002bf   Thumb Code     0  startup_stm32f10x_hd.o(.text)
    EXTI15_10_IRQHandler                     0x080002bf   Thumb Code     0  startup_stm32f10x_hd.o(.text)
    EXTI1_IRQHandler                         0x080002bf   Thumb Code     0  startup_stm32f10x_hd.o(.text)
    EXTI2_IRQHandler                         0x080002bf   Thumb Code     0  startup_stm32f10x_hd.o(.text)
    EXTI3_IRQHandler                         0x080002bf   Thumb Code     0  startup_stm32f10x_hd.o(.text)
    EXTI4_IRQHandler                         0x080002bf   Thumb Code     0  startup_stm32f10x_hd.o(.text)
    EXTI9_5_IRQHandler                       0x080002bf   Thumb Code     0  startup_stm32f10x_hd.o(.text)
    FLASH_IRQHandler                         0x080002bf   Thumb Code     0  startup_stm32f10x_hd.o(.text)
    FSMC_IRQHandler                          0x080002bf   Thumb Code     0  startup_stm32f10x_hd.o(.text)
    I2C1_ER_IRQHandler                       0x080002bf   Thumb Code     0  startup_stm32f10x_hd.o(.text)
    I2C1_EV_IRQHandler                       0x080002bf   Thumb Code     0  startup_stm32f10x_hd.o(.text)
    I2C2_ER_IRQHandler                       0x080002bf   Thumb Code     0  startup_stm32f10x_hd.o(.text)
    I2C2_EV_IRQHandler                       0x080002bf   Thumb Code     0  startup_stm32f10x_hd.o(.text)
    PVD_IRQHandler                           0x080002bf   Thumb Code     0  startup_stm32f10x_hd.o(.text)
    RCC_IRQHandler                           0x080002bf   Thumb Code     0  startup_stm32f10x_hd.o(.text)
    RTCAlarm_IRQHandler                      0x080002bf   Thumb Code     0  startup_stm32f10x_hd.o(.text)
    RTC_IRQHandler                           0x080002bf   Thumb Code     0  startup_stm32f10x_hd.o(.text)
    SDIO_IRQHandler                          0x080002bf   Thumb Code     0  startup_stm32f10x_hd.o(.text)
    SPI1_IRQHandler                          0x080002bf   Thumb Code     0  startup_stm32f10x_hd.o(.text)
    SPI2_IRQHandler                          0x080002bf   Thumb Code     0  startup_stm32f10x_hd.o(.text)
    SPI3_IRQHandler                          0x080002bf   Thumb Code     0  startup_stm32f10x_hd.o(.text)
    TAMPER_IRQHandler                        0x080002bf   Thumb Code     0  startup_stm32f10x_hd.o(.text)
    TIM1_BRK_IRQHandler                      0x080002bf   Thumb Code     0  startup_stm32f10x_hd.o(.text)
    TIM1_CC_IRQHandler                       0x080002bf   Thumb Code     0  startup_stm32f10x_hd.o(.text)
    TIM1_TRG_COM_IRQHandler                  0x080002bf   Thumb Code     0  startup_stm32f10x_hd.o(.text)
    TIM1_UP_IRQHandler                       0x080002bf   Thumb Code     0  startup_stm32f10x_hd.o(.text)
    TIM2_IRQHandler                          0x080002bf   Thumb Code     0  startup_stm32f10x_hd.o(.text)
    TIM3_IRQHandler                          0x080002bf   Thumb Code     0  startup_stm32f10x_hd.o(.text)
    TIM4_IRQHandler                          0x080002bf   Thumb Code     0  startup_stm32f10x_hd.o(.text)
    TIM5_IRQHandler                          0x080002bf   Thumb Code     0  startup_stm32f10x_hd.o(.text)
    TIM6_IRQHandler                          0x080002bf   Thumb Code     0  startup_stm32f10x_hd.o(.text)
    TIM7_IRQHandler                          0x080002bf   Thumb Code     0  startup_stm32f10x_hd.o(.text)
    TIM8_BRK_IRQHandler                      0x080002bf   Thumb Code     0  startup_stm32f10x_hd.o(.text)
    TIM8_CC_IRQHandler                       0x080002bf   Thumb Code     0  startup_stm32f10x_hd.o(.text)
    TIM8_TRG_COM_IRQHandler                  0x080002bf   Thumb Code     0  startup_stm32f10x_hd.o(.text)
    TIM8_UP_IRQHandler                       0x080002bf   Thumb Code     0  startup_stm32f10x_hd.o(.text)
    UART5_IRQHandler                         0x080002bf   Thumb Code     0  startup_stm32f10x_hd.o(.text)
    USART2_IRQHandler                        0x080002bf   Thumb Code     0  startup_stm32f10x_hd.o(.text)
    USBWakeUp_IRQHandler                     0x080002bf   Thumb Code     0  startup_stm32f10x_hd.o(.text)
    USB_HP_CAN1_TX_IRQHandler                0x080002bf   Thumb Code     0  startup_stm32f10x_hd.o(.text)
    WWDG_IRQHandler                          0x080002bf   Thumb Code     0  startup_stm32f10x_hd.o(.text)
    __user_initial_stackheap                 0x080002c1   Thumb Code     0  startup_stm32f10x_hd.o(.text)
    NVIC_PriorityGroupConfig                 0x080002e5   Thumb Code    10  misc.o(.text)
    NVIC_Init                                0x080002ef   Thumb Code   102  misc.o(.text)
    NVIC_SetVectorTable                      0x08000355   Thumb Code    14  misc.o(.text)
    NVIC_SystemLPConfig                      0x08000363   Thumb Code    34  misc.o(.text)
    SysTick_CLKSourceConfig                  0x08000385   Thumb Code    40  misc.o(.text)
    CAN_DeInit                               0x080003c1   Thumb Code    50  stm32f10x_can.o(.text)
    CAN_Init                                 0x080003f3   Thumb Code   276  stm32f10x_can.o(.text)
    CAN_FilterInit                           0x08000507   Thumb Code   258  stm32f10x_can.o(.text)
    CAN_StructInit                           0x08000609   Thumb Code    32  stm32f10x_can.o(.text)
    CAN_SlaveStartBank                       0x08000629   Thumb Code    48  stm32f10x_can.o(.text)
    CAN_DBGFreeze                            0x08000659   Thumb Code    22  stm32f10x_can.o(.text)
    CAN_TTComModeCmd                         0x0800066f   Thumb Code   118  stm32f10x_can.o(.text)
    CAN_Transmit                             0x080006e5   Thumb Code   304  stm32f10x_can.o(.text)
    CAN_TransmitStatus                       0x08000815   Thumb Code   136  stm32f10x_can.o(.text)
    CAN_CancelTransmit                       0x0800089d   Thumb Code    48  stm32f10x_can.o(.text)
    CAN_Receive                              0x080008cd   Thumb Code   240  stm32f10x_can.o(.text)
    CAN_FIFORelease                          0x080009bd   Thumb Code    22  stm32f10x_can.o(.text)
    CAN_MessagePending                       0x080009d3   Thumb Code    30  stm32f10x_can.o(.text)
    CAN_OperatingModeRequest                 0x080009f1   Thumb Code   162  stm32f10x_can.o(.text)
    CAN_Sleep                                0x08000a93   Thumb Code    30  stm32f10x_can.o(.text)
    CAN_WakeUp                               0x08000ab1   Thumb Code    48  stm32f10x_can.o(.text)
    CAN_GetLastErrorCode                     0x08000ae1   Thumb Code    12  stm32f10x_can.o(.text)
    CAN_GetReceiveErrorCounter               0x08000aed   Thumb Code    10  stm32f10x_can.o(.text)
    CAN_GetLSBTransmitErrorCounter           0x08000af7   Thumb Code    12  stm32f10x_can.o(.text)
    CAN_ITConfig                             0x08000b03   Thumb Code    18  stm32f10x_can.o(.text)
    CAN_GetFlagStatus                        0x08000b15   Thumb Code   120  stm32f10x_can.o(.text)
    CAN_ClearFlag                            0x08000b8d   Thumb Code    52  stm32f10x_can.o(.text)
    CAN_GetITStatus                          0x08000bd1   Thumb Code   306  stm32f10x_can.o(.text)
    CAN_ClearITPendingBit                    0x08000d03   Thumb Code   162  stm32f10x_can.o(.text)
    FLASH_SetLatency                         0x08000da9   Thumb Code    18  stm32f10x_flash.o(.text)
    FLASH_HalfCycleAccessCmd                 0x08000dbb   Thumb Code    22  stm32f10x_flash.o(.text)
    FLASH_PrefetchBufferCmd                  0x08000dd1   Thumb Code    22  stm32f10x_flash.o(.text)
    FLASH_Unlock                             0x08000de7   Thumb Code    12  stm32f10x_flash.o(.text)
    FLASH_UnlockBank1                        0x08000df3   Thumb Code    12  stm32f10x_flash.o(.text)
    FLASH_Lock                               0x08000dff   Thumb Code    14  stm32f10x_flash.o(.text)
    FLASH_LockBank1                          0x08000e0d   Thumb Code    14  stm32f10x_flash.o(.text)
    FLASH_GetBank1Status                     0x08000e1b   Thumb Code    48  stm32f10x_flash.o(.text)
    FLASH_WaitForLastOperation               0x08000e4b   Thumb Code    38  stm32f10x_flash.o(.text)
    FLASH_ErasePage                          0x08000e71   Thumb Code    72  stm32f10x_flash.o(.text)
    FLASH_EraseAllPages                      0x08000eb9   Thumb Code    68  stm32f10x_flash.o(.text)
    FLASH_WaitForLastBank1Operation          0x08000efd   Thumb Code    38  stm32f10x_flash.o(.text)
    FLASH_EraseAllBank1Pages                 0x08000f23   Thumb Code    68  stm32f10x_flash.o(.text)
    FLASH_GetReadOutProtectionStatus         0x08000f67   Thumb Code    20  stm32f10x_flash.o(.text)
    FLASH_EraseOptionBytes                   0x08000f7b   Thumb Code   150  stm32f10x_flash.o(.text)
    FLASH_ProgramWord                        0x08001011   Thumb Code   102  stm32f10x_flash.o(.text)
    FLASH_ProgramHalfWord                    0x08001077   Thumb Code    60  stm32f10x_flash.o(.text)
    FLASH_ProgramOptionByteData              0x080010b3   Thumb Code    72  stm32f10x_flash.o(.text)
    FLASH_EnableWriteProtection              0x080010fb   Thumb Code   200  stm32f10x_flash.o(.text)
    FLASH_ReadOutProtection                  0x080011c3   Thumb Code   156  stm32f10x_flash.o(.text)
    FLASH_UserOptionByteConfig               0x0800125f   Thumb Code    88  stm32f10x_flash.o(.text)
    FLASH_GetUserOptionByte                  0x080012b7   Thumb Code     8  stm32f10x_flash.o(.text)
    FLASH_GetWriteProtectionOptionByte       0x080012bf   Thumb Code     6  stm32f10x_flash.o(.text)
    FLASH_GetPrefetchBufferStatus            0x080012c5   Thumb Code    20  stm32f10x_flash.o(.text)
    FLASH_ITConfig                           0x080012d9   Thumb Code    26  stm32f10x_flash.o(.text)
    FLASH_GetFlagStatus                      0x080012f3   Thumb Code    42  stm32f10x_flash.o(.text)
    FLASH_ClearFlag                          0x0800131d   Thumb Code     6  stm32f10x_flash.o(.text)
    FLASH_GetStatus                          0x08001323   Thumb Code    48  stm32f10x_flash.o(.text)
    GPIO_DeInit                              0x08001365   Thumb Code   172  stm32f10x_gpio.o(.text)
    GPIO_AFIODeInit                          0x08001411   Thumb Code    20  stm32f10x_gpio.o(.text)
    GPIO_Init                                0x08001425   Thumb Code   274  stm32f10x_gpio.o(.text)
    GPIO_StructInit                          0x08001537   Thumb Code    16  stm32f10x_gpio.o(.text)
    GPIO_ReadInputDataBit                    0x08001547   Thumb Code    18  stm32f10x_gpio.o(.text)
    GPIO_ReadInputData                       0x08001559   Thumb Code     8  stm32f10x_gpio.o(.text)
    GPIO_ReadOutputDataBit                   0x08001561   Thumb Code    18  stm32f10x_gpio.o(.text)
    GPIO_ReadOutputData                      0x08001573   Thumb Code     8  stm32f10x_gpio.o(.text)
    GPIO_SetBits                             0x0800157b   Thumb Code     4  stm32f10x_gpio.o(.text)
    GPIO_ResetBits                           0x0800157f   Thumb Code     4  stm32f10x_gpio.o(.text)
    GPIO_WriteBit                            0x08001583   Thumb Code    10  stm32f10x_gpio.o(.text)
    GPIO_Write                               0x0800158d   Thumb Code     4  stm32f10x_gpio.o(.text)
    GPIO_PinLockConfig                       0x08001591   Thumb Code    18  stm32f10x_gpio.o(.text)
    GPIO_EventOutputConfig                   0x080015a3   Thumb Code    26  stm32f10x_gpio.o(.text)
    GPIO_EventOutputCmd                      0x080015bd   Thumb Code     6  stm32f10x_gpio.o(.text)
    GPIO_PinRemapConfig                      0x080015c3   Thumb Code   138  stm32f10x_gpio.o(.text)
    GPIO_EXTILineConfig                      0x0800164d   Thumb Code    66  stm32f10x_gpio.o(.text)
    GPIO_ETH_MediaInterfaceConfig            0x0800168f   Thumb Code     6  stm32f10x_gpio.o(.text)
    IWDG_WriteAccessCmd                      0x080016bd   Thumb Code     6  stm32f10x_iwdg.o(.text)
    IWDG_SetPrescaler                        0x080016c3   Thumb Code     6  stm32f10x_iwdg.o(.text)
    IWDG_SetReload                           0x080016c9   Thumb Code     6  stm32f10x_iwdg.o(.text)
    IWDG_ReloadCounter                       0x080016cf   Thumb Code    10  stm32f10x_iwdg.o(.text)
    IWDG_Enable                              0x080016d9   Thumb Code    10  stm32f10x_iwdg.o(.text)
    IWDG_GetFlagStatus                       0x080016e3   Thumb Code    20  stm32f10x_iwdg.o(.text)
    RCC_DeInit                               0x080016fd   Thumb Code    64  stm32f10x_rcc.o(.text)
    RCC_HSEConfig                            0x0800173d   Thumb Code    70  stm32f10x_rcc.o(.text)
    RCC_GetFlagStatus                        0x08001783   Thumb Code    56  stm32f10x_rcc.o(.text)
    RCC_WaitForHSEStartUp                    0x080017bb   Thumb Code    56  stm32f10x_rcc.o(.text)
    RCC_AdjustHSICalibrationValue            0x080017f3   Thumb Code    20  stm32f10x_rcc.o(.text)
    RCC_HSICmd                               0x08001807   Thumb Code     6  stm32f10x_rcc.o(.text)
    RCC_PLLConfig                            0x0800180d   Thumb Code    24  stm32f10x_rcc.o(.text)
    RCC_PLLCmd                               0x08001825   Thumb Code     6  stm32f10x_rcc.o(.text)
    RCC_SYSCLKConfig                         0x0800182b   Thumb Code    18  stm32f10x_rcc.o(.text)
    RCC_GetSYSCLKSource                      0x0800183d   Thumb Code    10  stm32f10x_rcc.o(.text)
    RCC_HCLKConfig                           0x08001847   Thumb Code    18  stm32f10x_rcc.o(.text)
    RCC_PCLK1Config                          0x08001859   Thumb Code    18  stm32f10x_rcc.o(.text)
    RCC_PCLK2Config                          0x0800186b   Thumb Code    20  stm32f10x_rcc.o(.text)
    RCC_ITConfig                             0x0800187f   Thumb Code    26  stm32f10x_rcc.o(.text)
    RCC_USBCLKConfig                         0x08001899   Thumb Code     6  stm32f10x_rcc.o(.text)
    RCC_ADCCLKConfig                         0x0800189f   Thumb Code    18  stm32f10x_rcc.o(.text)
    RCC_LSEConfig                            0x080018b1   Thumb Code    44  stm32f10x_rcc.o(.text)
    RCC_LSICmd                               0x080018dd   Thumb Code     6  stm32f10x_rcc.o(.text)
    RCC_RTCCLKConfig                         0x080018e3   Thumb Code    12  stm32f10x_rcc.o(.text)
    RCC_RTCCLKCmd                            0x080018ef   Thumb Code     8  stm32f10x_rcc.o(.text)
    RCC_GetClocksFreq                        0x080018f7   Thumb Code   192  stm32f10x_rcc.o(.text)
    RCC_AHBPeriphClockCmd                    0x080019b7   Thumb Code    26  stm32f10x_rcc.o(.text)
    RCC_APB2PeriphClockCmd                   0x080019d1   Thumb Code    26  stm32f10x_rcc.o(.text)
    RCC_APB1PeriphClockCmd                   0x080019eb   Thumb Code    26  stm32f10x_rcc.o(.text)
    RCC_APB2PeriphResetCmd                   0x08001a05   Thumb Code    26  stm32f10x_rcc.o(.text)
    RCC_APB1PeriphResetCmd                   0x08001a1f   Thumb Code    26  stm32f10x_rcc.o(.text)
    RCC_BackupResetCmd                       0x08001a39   Thumb Code     8  stm32f10x_rcc.o(.text)
    RCC_ClockSecuritySystemCmd               0x08001a41   Thumb Code     6  stm32f10x_rcc.o(.text)
    RCC_MCOConfig                            0x08001a47   Thumb Code     6  stm32f10x_rcc.o(.text)
    RCC_ClearFlag                            0x08001a4d   Thumb Code    14  stm32f10x_rcc.o(.text)
    RCC_GetITStatus                          0x08001a5b   Thumb Code    20  stm32f10x_rcc.o(.text)
    RCC_ClearITPendingBit                    0x08001a6f   Thumb Code     6  stm32f10x_rcc.o(.text)
    USART_DeInit                             0x08001aa1   Thumb Code   134  stm32f10x_usart.o(.text)
    USART_Init                               0x08001b27   Thumb Code   210  stm32f10x_usart.o(.text)
    USART_StructInit                         0x08001bf9   Thumb Code    24  stm32f10x_usart.o(.text)
    USART_ClockInit                          0x08001c11   Thumb Code    34  stm32f10x_usart.o(.text)
    USART_ClockStructInit                    0x08001c33   Thumb Code    12  stm32f10x_usart.o(.text)
    USART_Cmd                                0x08001c3f   Thumb Code    24  stm32f10x_usart.o(.text)
    USART_ITConfig                           0x08001c57   Thumb Code    74  stm32f10x_usart.o(.text)
    USART_DMACmd                             0x08001ca1   Thumb Code    18  stm32f10x_usart.o(.text)
    USART_SetAddress                         0x08001cb3   Thumb Code    18  stm32f10x_usart.o(.text)
    USART_WakeUpConfig                       0x08001cc5   Thumb Code    18  stm32f10x_usart.o(.text)
    USART_ReceiverWakeUpCmd                  0x08001cd7   Thumb Code    24  stm32f10x_usart.o(.text)
    USART_LINBreakDetectLengthConfig         0x08001cef   Thumb Code    18  stm32f10x_usart.o(.text)
    USART_LINCmd                             0x08001d01   Thumb Code    24  stm32f10x_usart.o(.text)
    USART_SendData                           0x08001d19   Thumb Code     8  stm32f10x_usart.o(.text)
    USART_ReceiveData                        0x08001d21   Thumb Code    10  stm32f10x_usart.o(.text)
    USART_SendBreak                          0x08001d2b   Thumb Code    10  stm32f10x_usart.o(.text)
    USART_SetGuardTime                       0x08001d35   Thumb Code    16  stm32f10x_usart.o(.text)
    USART_SetPrescaler                       0x08001d45   Thumb Code    16  stm32f10x_usart.o(.text)
    USART_SmartCardCmd                       0x08001d55   Thumb Code    24  stm32f10x_usart.o(.text)
    USART_SmartCardNACKCmd                   0x08001d6d   Thumb Code    24  stm32f10x_usart.o(.text)
    USART_HalfDuplexCmd                      0x08001d85   Thumb Code    24  stm32f10x_usart.o(.text)
    USART_OverSampling8Cmd                   0x08001d9d   Thumb Code    22  stm32f10x_usart.o(.text)
    USART_OneBitMethodCmd                    0x08001db3   Thumb Code    24  stm32f10x_usart.o(.text)
    USART_IrDAConfig                         0x08001dcb   Thumb Code    18  stm32f10x_usart.o(.text)
    USART_IrDACmd                            0x08001ddd   Thumb Code    24  stm32f10x_usart.o(.text)
    USART_GetFlagStatus                      0x08001df5   Thumb Code    26  stm32f10x_usart.o(.text)
    USART_ClearFlag                          0x08001e0f   Thumb Code    18  stm32f10x_usart.o(.text)
    USART_GetITStatus                        0x08001e21   Thumb Code    84  stm32f10x_usart.o(.text)
    USART_ClearITPendingBit                  0x08001e75   Thumb Code    52  stm32f10x_usart.o(.text)
    init_iwdg                                0x08001ea9   Thumb Code    34  iwdg.o(.text)
    RCC_Configuration                        0x08001ecb   Thumb Code   100  sysinit.o(.text)
    NVIC_Configuration                       0x08001f2f   Thumb Code    14  sysinit.o(.text)
    init_sys                                 0x08001f3d   Thumb Code    28  sysinit.o(.text)
    init_soft_tmr                            0x08001f9b   Thumb Code    34  systick.o(.text)
    start_soft_tmr                           0x08001fbd   Thumb Code    42  systick.o(.text)
    check_soft_tmr                           0x08001fe7   Thumb Code    40  systick.o(.text)
    soft_tmr_delay_ms                        0x0800200f   Thumb Code    48  systick.o(.text)
    get_running_second                       0x0800203f   Thumb Code     8  systick.o(.text)
    SysTick_Handler                          0x08002047   Thumb Code    58  systick.o(.text)
    usart1_printf                            0x080022bf   Thumb Code    72  usart.o(.text)
    usart1_send_data                         0x08002307   Thumb Code    98  usart.o(.text)
    usart3_printf                            0x08002369   Thumb Code    72  usart.o(.text)
    debug_printf                             0x080023b1   Thumb Code    78  usart.o(.text)
    usart4_recv_packet                       0x08002447   Thumb Code   380  usart.o(.text)
    usart4_send_packet                       0x080025c3   Thumb Code    42  usart.o(.text)
    init_usart                               0x08002621   Thumb Code    32  usart.o(.text)
    USART1_IRQHandler                        0x08002641   Thumb Code    76  usart.o(.text)
    USART3_IRQHandler                        0x0800268d   Thumb Code   154  usart.o(.text)
    UART4_IRQHandler                         0x08002727   Thumb Code    22  usart.o(.text)
    _sim800_check_ack                        0x0800285f   Thumb Code    58  sim800.o(.text)
    sim800_report_task                       0x080028ad   Thumb Code   482  sim800.o(.text)
    init_gsm                                 0x08002a8f   Thumb Code    46  sim800.o(.text)
    init_led                                 0x08002ba1   Thumb Code   156  gpio.o(.text)
    gstar_report_task                        0x08002c41   Thumb Code   298  gstar.o(.text)
    init_can                                 0x08002db5   Thumb Code   246  can.o(.text)
    _handle_msg_car_vin                      0x08002eab   Thumb Code   218  can.o(.text)
    _handle_msg_mileage                      0x08002f85   Thumb Code    54  can.o(.text)
    _handle_msg_mileage2                     0x08002fbb   Thumb Code    56  can.o(.text)
    _handle_msg_motor_speed                  0x08002ff3   Thumb Code    54  can.o(.text)
    _handle_msg_battery                      0x08003029   Thumb Code    54  can.o(.text)
    _handle_msg_car_status                   0x0800305f   Thumb Code    54  can.o(.text)
    _handle_msg_motor_torque                 0x08003095   Thumb Code    54  can.o(.text)
    _handle_msg_motor_temp                   0x080030cb   Thumb Code    54  can.o(.text)
    _handle_msg_motor_current                0x08003101   Thumb Code    54  can.o(.text)
    _handle_msg_charge_voltage               0x08003137   Thumb Code    54  can.o(.text)
    _handle_msg_resistance                   0x0800316d   Thumb Code    54  can.o(.text)
    _handle_msg_error_alarm                  0x080031a3   Thumb Code   158  can.o(.text)
    _ax_handle_msg_01                        0x08003241   Thumb Code    28  can.o(.text)
    _ax_handle_msg_02                        0x0800325d   Thumb Code    30  can.o(.text)
    _ax_handle_msg_03                        0x0800327b   Thumb Code    30  can.o(.text)
    _ax_handle_msg_04                        0x08003299   Thumb Code    30  can.o(.text)
    _ax_handle_msg_05                        0x080032b7   Thumb Code    30  can.o(.text)
    _ax_handle_msg_06                        0x080032d5   Thumb Code    30  can.o(.text)
    _ax_handle_msg_09                        0x080032f3   Thumb Code    30  can.o(.text)
    _ax_handle_msg_10                        0x08003311   Thumb Code    30  can.o(.text)
    _ax_handle_msg_11                        0x0800332f   Thumb Code    30  can.o(.text)
    _ax_handle_msg_12                        0x0800334d   Thumb Code    30  can.o(.text)
    _ax_handle_msg_13                        0x0800336b   Thumb Code    30  can.o(.text)
    _ax_handle_msg_14                        0x08003389   Thumb Code    30  can.o(.text)
    _ax_handle_msg_15                        0x080033a7   Thumb Code    30  can.o(.text)
    _ax_handle_msg_16                        0x080033c5   Thumb Code    30  can.o(.text)
    _xx_handle_msg_01                        0x080033e3   Thumb Code    32  can.o(.text)
    _xx_handle_msg_02                        0x08003403   Thumb Code    34  can.o(.text)
    _xx_handle_msg_03                        0x08003425   Thumb Code    30  can.o(.text)
    _xx_handle_msg_04                        0x08003443   Thumb Code    30  can.o(.text)
    _xx_handle_msg_05                        0x08003461   Thumb Code    38  can.o(.text)
    _xx_handle_msg_06                        0x08003487   Thumb Code    18  can.o(.text)
    _xx_handle_msg_07                        0x08003499   Thumb Code    18  can.o(.text)
    _xx_handle_msg_08                        0x080034ab   Thumb Code    30  can.o(.text)
    _xx_handle_msg_09                        0x080034c9   Thumb Code    30  can.o(.text)
    _xx_handle_msg_10                        0x080034e7   Thumb Code    30  can.o(.text)
    _xx_handle_msg_11                        0x08003505   Thumb Code    30  can.o(.text)
    _xx_handle_msg_12                        0x08003523   Thumb Code    18  can.o(.text)
    _cgqc_handle_msg_01                      0x08003535   Thumb Code    36  can.o(.text)
    _cgqc_handle_msg_02                      0x08003559   Thumb Code    38  can.o(.text)
    _cgqc_handle_msg_03                      0x0800357f   Thumb Code    38  can.o(.text)
    _cgqc_handle_msg_04                      0x080035a5   Thumb Code    38  can.o(.text)
    _cgqc_handle_msg_05                      0x080035cb   Thumb Code    54  can.o(.text)
    _cgqc_handle_msg_06                      0x08003601   Thumb Code    68  can.o(.text)
    _cgqc_handle_msg_07                      0x08003645   Thumb Code    54  can.o(.text)
    _cgqc_handle_msg_08                      0x0800367b   Thumb Code    54  can.o(.text)
    _cgqc_handle_msg_09                      0x080036b1   Thumb Code    54  can.o(.text)
    _cgqc_handle_msg_10                      0x080036e7   Thumb Code    54  can.o(.text)
    can_handle_receive                       0x08004089   Thumb Code  1598  can.o(.text)
    USB_LP_CAN1_RX0_IRQHandler               0x080046c7   Thumb Code    48  can.o(.text)
    read_data_from_flash                     0x080046fd   Thumb Code    22  flash.o(.text)
    write_data_to_rom                        0x08004713   Thumb Code   170  flash.o(.text)
    work_program_from                        0x080047bd   Thumb Code    18  flash.o(.text)
    erases_flash_page                        0x080047cf   Thumb Code    48  flash.o(.text)
    init_flash_memory                        0x080047ff   Thumb Code    32  flash.o(.text)
    init_config                              0x08004821   Thumb Code   354  main.o(.text)
    main                                     0x08004983   Thumb Code    86  main.o(.text)
    _set_vict_frame                          0x080080fd   Thumb Code  3104  frame.o(.text)
    _set_ydzy_frame                          0x08008d1d   Thumb Code  2454  frame.o(.text)
    set_frame_data                           0x080096b3   Thumb Code   112  frame.o(.text)
    get_frame_data                           0x08009723   Thumb Code    98  frame.o(.text)
    get_frame_size                           0x08009785   Thumb Code    98  frame.o(.text)
    _packet_send                             0x08009811   Thumb Code   116  usarttask.o(.text)
    handle_usart4_packet_task                0x08009bd3   Thumb Code   450  usarttask.o(.text)
    status_report_task                       0x08009d95   Thumb Code    78  usarttask.o(.text)
    tool_get_str_gnrmc                       0x08009e09   Thumb Code    78  tool.o(.text)
    tool_get_str_gnrmc_keyvalue              0x08009e57   Thumb Code   166  tool.o(.text)
    tool_get_gps_status                      0x08009efd   Thumb Code    38  tool.o(.text)
    tool_convert_gps_longitude_latitude      0x08009f23   Thumb Code   230  tool.o(.text)
    tool_convert_gps_speed                   0x0800a009   Thumb Code   186  tool.o(.text)
    tool_convert_gps_ground_course           0x0800a0c3   Thumb Code    62  tool.o(.text)
    tool_convert_gps_ddmmyy                  0x0800a101   Thumb Code    24  tool.o(.text)
    tool_convert_gps_hhmmss                  0x0800a119   Thumb Code    62  tool.o(.text)
    cal_crc16                                0x0800a157   Thumb Code    28  tool.o(.text)
    tool_get_key_str                         0x0800a173   Thumb Code    72  tool.o(.text)
    tool_get_key_int                         0x0800a1bb   Thumb Code   114  tool.o(.text)
    __c89vsprintf                            0x0800a22d   Thumb Code    32  c89vsprintf.o(.text)
    __2sprintf                               0x0800a251   Thumb Code    38  __2sprintf.o(.text)
    _printf_str                              0x0800a27d   Thumb Code    82  _printf_str.o(.text)
    _printf_int_dec                          0x0800a2d1   Thumb Code   102  _printf_dec.o(.text)
    __printf                                 0x0800a349   Thumb Code   390  __printf_flags_ss_wp.o(.text)
    atoi                                     0x0800a4d5   Thumb Code    26  atoi.o(.text)
    atol                                     0x0800a4ef   Thumb Code    26  atol.o(.text)
    strtoul                                  0x0800a509   Thumb Code   114  strtoul.o(.text)
    strstr                                   0x0800a57b   Thumb Code    36  strstr.o(.text)
    strlcat                                  0x0800a59f   Thumb Code   184  strlcat.o(.text)
    memcmp                                   0x0800a657   Thumb Code    88  memcmp.o(.text)
    strlen                                   0x0800a6af   Thumb Code    62  strlen.o(.text)
    strncmp                                  0x0800a6ed   Thumb Code   150  strncmp.o(.text)
    __aeabi_memcpy                           0x0800a783   Thumb Code     0  rt_memcpy_v6.o(.text)
    __rt_memcpy                              0x0800a783   Thumb Code   138  rt_memcpy_v6.o(.text)
    _memcpy_lastbytes                        0x0800a7e9   Thumb Code     0  rt_memcpy_v6.o(.text)
    __aeabi_memclr                           0x0800a80d   Thumb Code     0  rt_memclr.o(.text)
    __rt_memclr                              0x0800a80d   Thumb Code    68  rt_memclr.o(.text)
    _memset                                  0x0800a811   Thumb Code     0  rt_memclr.o(.text)
    __aeabi_memclr4                          0x0800a851   Thumb Code     0  rt_memclr_w.o(.text)
    __aeabi_memclr8                          0x0800a851   Thumb Code     0  rt_memclr_w.o(.text)
    __rt_memclr_w                            0x0800a851   Thumb Code    78  rt_memclr_w.o(.text)
    _memset_w                                0x0800a855   Thumb Code     0  rt_memclr_w.o(.text)
    strncpy                                  0x0800a89f   Thumb Code    86  strncpy.o(.text)
    __use_two_region_memory                  0x0800a8f5   Thumb Code     2  heapauxi.o(.text)
    __rt_heap_escrow$2region                 0x0800a8f7   Thumb Code     2  heapauxi.o(.text)
    __rt_heap_expand$2region                 0x0800a8f9   Thumb Code     2  heapauxi.o(.text)
    __rt_ctype_table                         0x0800a8fd   Thumb Code    16  rt_ctype_table.o(.text)
    __aeabi_errno_addr                       0x0800a90d   Thumb Code     8  rt_errno_addr_intlibspace.o(.text)
    __errno$intlibspace                      0x0800a90d   Thumb Code     0  rt_errno_addr_intlibspace.o(.text)
    __rt_errno_addr$intlibspace              0x0800a90d   Thumb Code     0  rt_errno_addr_intlibspace.o(.text)
    _printf_pre_padding                      0x0800a915   Thumb Code    46  _printf_pad.o(.text)
    _printf_post_padding                     0x0800a943   Thumb Code    36  _printf_pad.o(.text)
    _printf_truncate_signed                  0x0800a967   Thumb Code    18  _printf_truncate.o(.text)
    _printf_truncate_unsigned                0x0800a979   Thumb Code    18  _printf_truncate.o(.text)
    _printf_int_common                       0x0800a98b   Thumb Code   184  _printf_intcommon.o(.text)
    _printf_charcount                        0x0800aa43   Thumb Code    42  _printf_charcount.o(.text)
    _printf_char_common                      0x0800aa77   Thumb Code    32  _printf_char_common.o(.text)
    _sputc                                   0x0800aa9d   Thumb Code    10  _sputc.o(.text)
    _printf_cs_common                        0x0800aaa7   Thumb Code    20  _printf_char.o(.text)
    _printf_char                             0x0800aabb   Thumb Code    16  _printf_char.o(.text)
    _printf_string                           0x0800aacb   Thumb Code     8  _printf_char.o(.text)
    _printf_wctomb                           0x0800aad5   Thumb Code   182  _printf_wctomb.o(.text)
    _printf_longlong_dec                     0x0800ab91   Thumb Code   104  _printf_longlong_dec.o(.text)
    _printf_longlong_oct                     0x0800ac09   Thumb Code    76  _printf_oct_int_ll.o(.text)
    _printf_int_oct                          0x0800ac55   Thumb Code    24  _printf_oct_int_ll.o(.text)
    _printf_ll_oct                           0x0800ac6d   Thumb Code    12  _printf_oct_int_ll.o(.text)
    _printf_longlong_hex                     0x0800ac81   Thumb Code    92  _printf_hex_int_ll_ptr.o(.text)
    _printf_int_hex                          0x0800acdd   Thumb Code    28  _printf_hex_int_ll_ptr.o(.text)
    _printf_ll_hex                           0x0800acf9   Thumb Code    12  _printf_hex_int_ll_ptr.o(.text)
    _printf_hex_ptr                          0x0800ad05   Thumb Code    18  _printf_hex_int_ll_ptr.o(.text)
    _strtoul                                 0x0800ad1d   Thumb Code   158  _strtoul.o(.text)
    strtol                                   0x0800adbb   Thumb Code   112  strtol.o(.text)
    __aeabi_memcpy4                          0x0800ae2b   Thumb Code     0  rt_memcpy_w.o(.text)
    __aeabi_memcpy8                          0x0800ae2b   Thumb Code     0  rt_memcpy_w.o(.text)
    __rt_memcpy_w                            0x0800ae2b   Thumb Code   100  rt_memcpy_w.o(.text)
    _memcpy_lastbytes_aligned                0x0800ae73   Thumb Code     0  rt_memcpy_w.o(.text)
    __user_libspace                          0x0800ae91   Thumb Code     8  libspace.o(.text)
    __user_perproc_libspace                  0x0800ae91   Thumb Code     0  libspace.o(.text)
    __user_perthread_libspace                0x0800ae91   Thumb Code     0  libspace.o(.text)
    __rt_locale                              0x0800ae99   Thumb Code     8  rt_locale_intlibspace.o(.text)
    _ll_udiv10                               0x0800aea1   Thumb Code   138  lludiv10.o(.text)
    __lib_sel_fp_printf                      0x0800af2b   Thumb Code     2  _printf_fp_dec.o(.text)
    _printf_fp_dec_real                      0x0800b0d7   Thumb Code   628  _printf_fp_dec.o(.text)
    _printf_lcs_common                       0x0800b34b   Thumb Code    20  _printf_wchar.o(.text)
    _printf_wchar                            0x0800b35f   Thumb Code    16  _printf_wchar.o(.text)
    _printf_wstring                          0x0800b36f   Thumb Code     8  _printf_wchar.o(.text)
    _chval                                   0x0800b377   Thumb Code    28  _chval.o(.text)
    _wcrtomb                                 0x0800b393   Thumb Code    64  _wcrtomb.o(.text)
    __user_setup_stackheap                   0x0800b3d3   Thumb Code    74  sys_stackheap_outer.o(.text)
    _printf_fp_infnan                        0x0800b41d   Thumb Code   112  _printf_fp_infnan.o(.text)
    _btod_etento                             0x0800b49d   Thumb Code   222  bigflt0.o(.text)
    exit                                     0x0800b581   Thumb Code    12  exit.o(.text)
    strcmp                                   0x0800b58d   Thumb Code   128  strcmpv7m.o(.text)
    _sys_exit                                0x0800b60d   Thumb Code     8  sys_exit.o(.text)
    __I$use$semihosting                      0x0800b619   Thumb Code     0  use_no_semi.o(.text)
    __use_no_semihosting_swi                 0x0800b619   Thumb Code     2  use_no_semi.o(.text)
    __semihosting_library_function           0x0800b61b   Thumb Code     0  indicate_semi.o(.text)
    _btod_d2e                                0x0800b61b   Thumb Code    62  btod.o(CL$$btod_d2e)
    _d2e_denorm_low                          0x0800b659   Thumb Code    70  btod.o(CL$$btod_d2e_denorm_low)
    _d2e_norm_op1                            0x0800b69f   Thumb Code    96  btod.o(CL$$btod_d2e_norm_op1)
    __btod_div_common                        0x0800b6ff   Thumb Code   696  btod.o(CL$$btod_div_common)
    _e2e                                     0x0800ba37   Thumb Code   198  btod.o(CL$$btod_e2e)
    _btod_ediv                               0x0800bafd   Thumb Code    40  btod.o(CL$$btod_ediv)
    _btod_emul                               0x0800bb25   Thumb Code    40  btod.o(CL$$btod_emul)
    __btod_mult_common                       0x0800bb4d   Thumb Code   580  btod.o(CL$$btod_mult_common)
    __ARM_fpclassify                         0x0800bd91   Thumb Code    40  fpclassify.o(i.__ARM_fpclassify)
    _is_digit                                0x0800bdb9   Thumb Code    14  __printf_wp.o(i._is_digit)
    _get_lc_ctype                            0x0800bdc9   Thumb Code    44  lc_ctype_c.o(locale$$code)
    _get_lc_numeric                          0x0800bdf5   Thumb Code    44  lc_numeric_c.o(locale$$code)
    __aeabi_d2f                              0x0800be21   Thumb Code     0  d2f.o(x$fpl$d2f)
    _d2f                                     0x0800be21   Thumb Code    98  d2f.o(x$fpl$d2f)
    __aeabi_dadd                             0x0800be85   Thumb Code     0  daddsub_clz.o(x$fpl$dadd)
    _dadd                                    0x0800be85   Thumb Code   332  daddsub_clz.o(x$fpl$dadd)
    __aeabi_d2uiz                            0x0800bfd5   Thumb Code     0  dfixu.o(x$fpl$dfixu)
    _dfixu                                   0x0800bfd5   Thumb Code    90  dfixu.o(x$fpl$dfixu)
    __aeabi_ui2d                             0x0800c02f   Thumb Code     0  dflt_clz.o(x$fpl$dfltu)
    _dfltu                                   0x0800c02f   Thumb Code    38  dflt_clz.o(x$fpl$dfltu)
    __aeabi_dmul                             0x0800c055   Thumb Code     0  dmul.o(x$fpl$dmul)
    _dmul                                    0x0800c055   Thumb Code   332  dmul.o(x$fpl$dmul)
    __fpl_dnaninf                            0x0800c1a9   Thumb Code   156  dnaninf.o(x$fpl$dnaninf)
    __fpl_dretinf                            0x0800c245   Thumb Code    12  dretinf.o(x$fpl$dretinf)
    __aeabi_dsub                             0x0800c251   Thumb Code     0  daddsub_clz.o(x$fpl$dsub)
    _dsub                                    0x0800c251   Thumb Code   464  daddsub_clz.o(x$fpl$dsub)
    __aeabi_f2d                              0x0800c425   Thumb Code     0  f2d.o(x$fpl$f2d)
    _f2d                                     0x0800c425   Thumb Code    86  f2d.o(x$fpl$f2d)
    __aeabi_fadd                             0x0800c47d   Thumb Code     0  faddsub_clz.o(x$fpl$fadd)
    _fadd                                    0x0800c47d   Thumb Code   196  faddsub_clz.o(x$fpl$fadd)
    __aeabi_f2uiz                            0x0800c541   Thumb Code     0  ffixu.o(x$fpl$ffixu)
    _ffixu                                   0x0800c541   Thumb Code    62  ffixu.o(x$fpl$ffixu)
    __aeabi_i2f                              0x0800c581   Thumb Code     0  fflt_clz.o(x$fpl$fflt)
    _fflt                                    0x0800c581   Thumb Code    48  fflt_clz.o(x$fpl$fflt)
    __aeabi_ui2f                             0x0800c5b1   Thumb Code     0  fflt_clz.o(x$fpl$ffltu)
    _ffltu                                   0x0800c5b1   Thumb Code    38  fflt_clz.o(x$fpl$ffltu)
    __fpl_fnaninf                            0x0800c5d7   Thumb Code   140  fnaninf.o(x$fpl$fnaninf)
    __fpl_fretinf                            0x0800c663   Thumb Code    10  fretinf.o(x$fpl$fretinf)
    __aeabi_fsub                             0x0800c66d   Thumb Code     0  faddsub_clz.o(x$fpl$fsub)
    _fsub                                    0x0800c66d   Thumb Code   234  faddsub_clz.o(x$fpl$fsub)
    _printf_fp_dec                           0x0800c757   Thumb Code     4  printf1.o(x$fpl$printf1)
    __I$use$fp                               0x0800c75a   Number         0  usenofp.o(x$fpl$usenofp)
    c_soft_ver                               0x0800c884   Data           1  usarttask.o(.constdata)
    c_hard_ver                               0x0800c885   Data           1  usarttask.o(.constdata)
    packet_vision                            0x0800c886   Data           2  usarttask.o(.constdata)
    Region$$Table$$Base                      0x0800c9ec   Number         0  anon$$obj.o(Region$$Table)
    Region$$Table$$Limit                     0x0800ca0c   Number         0  anon$$obj.o(Region$$Table)
    __ctype                                  0x0800ca19   Data           0  lc_ctype_c.o(locale$$data)
    debug_state                              0x2000001c   Data           1  usart.o(.data)
    USART1_RX_STA                            0x20000022   Data           2  usart.o(.data)
    USART3_RX_STA                            0x20000024   Data           2  usart.o(.data)
    gsm_status                               0x2000002a   Data           1  sim800.o(.data)
    g_status                                 0x2000002c   Data           1  gstar.o(.data)
    g_longitude                              0x20000030   Data           4  gstar.o(.data)
    g_latitude                               0x20000034   Data           4  gstar.o(.data)
    g_speed                                  0x20000038   Data           4  gstar.o(.data)
    g_course                                 0x2000003c   Data           4  gstar.o(.data)
    g_ddmmyy                                 0x20000040   Data           4  gstar.o(.data)
    g_hhmmss                                 0x20000044   Data           4  gstar.o(.data)
    g_soft_tmr                               0x20000048   Data          32  systick.o(.bss)
    USART1_RX_BUF                            0x20000c30   Data         600  usart.o(.bss)
    USART3_RX_BUF                            0x20000e88   Data        1200  usart.o(.bss)
    g_car_config                             0x20001338   Data          48  sim800.o(.bss)
    cipstart_cmd                             0x20001368   Data          50  sim800.o(.bss)
    _car_vin_tmp                             0x200013fe   Data          17  can.o(.bss)
    _car_vin                                 0x2000140f   Data          17  can.o(.bss)
    _hy_can_data                             0x20001420   Data          80  can.o(.bss)
    _ax_can_data                             0x20001470   Data          84  can.o(.bss)
    _xx_can_data                             0x200014c4   Data          61  can.o(.bss)
    _cgqc_can_data                           0x20001501   Data          96  can.o(.bss)
    _dykj_can_data                           0x20001561   Data          96  can.o(.bss)
    _jsyt_can_data                           0x200015c1   Data          96  can.o(.bss)
    _vict_can_data                           0x20001621   Data         136  can.o(.bss)
    _ydzy_can_data                           0x200016a9   Data          96  can.o(.bss)
    __libspace_start                         0x20002024   Data          96  libspace.o(.bss)
    __temporary_stack_top$libspace           0x20002084   Data           0  libspace.o(.bss)



==============================================================================

Memory Map of the image

  Image Entry point : 0x08000131

  Load Region LR_IROM1 (Base: 0x08000000, Size: 0x0000cb80, Max: 0x00020000, ABSOLUTE)

    Execution Region ER_IROM1 (Base: 0x08000000, Size: 0x0000cb38, Max: 0x00020000, ABSOLUTE)

    Base Addr    Size         Type   Attr      Idx    E Section Name        Object

    0x08000000   0x00000130   Data   RO           90    RESET               startup_stm32f10x_hd.o
    0x08000130   0x00000008   Code   RO          757  * !!!main             c_w.l(__main.o)
    0x08000138   0x00000034   Code   RO         1096    !!!scatter          c_w.l(__scatter.o)
    0x0800016c   0x0000001a   Code   RO         1098    !!handler_copy      c_w.l(__scatter_copy.o)
    0x08000186   0x00000002   PAD
    0x08000188   0x0000001c   Code   RO         1100    !!handler_zi        c_w.l(__scatter_zi.o)
    0x080001a4   0x00000000   Code   RO          730    .ARM.Collect$$_printf_percent$$00000000  c_w.l(_printf_percent.o)
    0x080001a4   0x00000006   Code   RO          852    .ARM.Collect$$_printf_percent$$00000001  c_w.l(_printf_n.o)
    0x080001aa   0x00000006   Code   RO          854    .ARM.Collect$$_printf_percent$$00000002  c_w.l(_printf_p.o)
    0x080001b0   0x00000006   Code   RO          858    .ARM.Collect$$_printf_percent$$00000003  c_w.l(_printf_f.o)
    0x080001b6   0x00000006   Code   RO          859    .ARM.Collect$$_printf_percent$$00000004  c_w.l(_printf_e.o)
    0x080001bc   0x00000006   Code   RO          860    .ARM.Collect$$_printf_percent$$00000005  c_w.l(_printf_g.o)
    0x080001c2   0x00000006   Code   RO          861    .ARM.Collect$$_printf_percent$$00000006  c_w.l(_printf_a.o)
    0x080001c8   0x0000000a   Code   RO          866    .ARM.Collect$$_printf_percent$$00000007  c_w.l(_printf_ll.o)
    0x080001d2   0x00000006   Code   RO          856    .ARM.Collect$$_printf_percent$$00000008  c_w.l(_printf_i.o)
    0x080001d8   0x00000006   Code   RO          729    .ARM.Collect$$_printf_percent$$00000009  c_w.l(_printf_d.o)
    0x080001de   0x00000006   Code   RO          857    .ARM.Collect$$_printf_percent$$0000000A  c_w.l(_printf_u.o)
    0x080001e4   0x00000006   Code   RO          855    .ARM.Collect$$_printf_percent$$0000000B  c_w.l(_printf_o.o)
    0x080001ea   0x00000006   Code   RO          853    .ARM.Collect$$_printf_percent$$0000000C  c_w.l(_printf_x.o)
    0x080001f0   0x00000006   Code   RO          863    .ARM.Collect$$_printf_percent$$0000000D  c_w.l(_printf_lli.o)
    0x080001f6   0x00000006   Code   RO          864    .ARM.Collect$$_printf_percent$$0000000E  c_w.l(_printf_lld.o)
    0x080001fc   0x00000006   Code   RO          865    .ARM.Collect$$_printf_percent$$0000000F  c_w.l(_printf_llu.o)
    0x08000202   0x00000006   Code   RO          870    .ARM.Collect$$_printf_percent$$00000010  c_w.l(_printf_llo.o)
    0x08000208   0x00000006   Code   RO          871    .ARM.Collect$$_printf_percent$$00000011  c_w.l(_printf_llx.o)
    0x0800020e   0x0000000a   Code   RO          867    .ARM.Collect$$_printf_percent$$00000012  c_w.l(_printf_l.o)
    0x08000218   0x00000006   Code   RO          851    .ARM.Collect$$_printf_percent$$00000013  c_w.l(_printf_c.o)
    0x0800021e   0x00000006   Code   RO          728    .ARM.Collect$$_printf_percent$$00000014  c_w.l(_printf_s.o)
    0x08000224   0x00000006   Code   RO          868    .ARM.Collect$$_printf_percent$$00000015  c_w.l(_printf_lc.o)
    0x0800022a   0x00000006   Code   RO          869    .ARM.Collect$$_printf_percent$$00000016  c_w.l(_printf_ls.o)
    0x08000230   0x00000004   Code   RO          862    .ARM.Collect$$_printf_percent$$00000017  c_w.l(_printf_percent_end.o)
    0x08000234   0x00000002   Code   RO          968    .ARM.Collect$$libinit$$00000000  c_w.l(libinit.o)
    0x08000236   0x00000000   Code   RO          970    .ARM.Collect$$libinit$$00000002  c_w.l(libinit2.o)
    0x08000236   0x00000000   Code   RO          973    .ARM.Collect$$libinit$$00000008  c_w.l(libinit2.o)
    0x08000236   0x00000000   Code   RO          975    .ARM.Collect$$libinit$$0000000A  c_w.l(libinit2.o)
    0x08000236   0x00000000   Code   RO          977    .ARM.Collect$$libinit$$0000000C  c_w.l(libinit2.o)
    0x08000236   0x00000006   Code   RO          978    .ARM.Collect$$libinit$$0000000D  c_w.l(libinit2.o)
    0x0800023c   0x00000000   Code   RO          980    .ARM.Collect$$libinit$$0000000F  c_w.l(libinit2.o)
    0x0800023c   0x0000000c   Code   RO          981    .ARM.Collect$$libinit$$00000010  c_w.l(libinit2.o)
    0x08000248   0x00000000   Code   RO          982    .ARM.Collect$$libinit$$00000011  c_w.l(libinit2.o)
    0x08000248   0x00000000   Code   RO          984    .ARM.Collect$$libinit$$00000013  c_w.l(libinit2.o)
    0x08000248   0x0000000a   Code   RO          985    .ARM.Collect$$libinit$$00000014  c_w.l(libinit2.o)
    0x08000252   0x00000000   Code   RO          986    .ARM.Collect$$libinit$$00000015  c_w.l(libinit2.o)
    0x08000252   0x00000000   Code   RO          988    .ARM.Collect$$libinit$$00000017  c_w.l(libinit2.o)
    0x08000252   0x00000000   Code   RO          990    .ARM.Collect$$libinit$$00000019  c_w.l(libinit2.o)
    0x08000252   0x00000000   Code   RO          992    .ARM.Collect$$libinit$$0000001B  c_w.l(libinit2.o)
    0x08000252   0x00000000   Code   RO          994    .ARM.Collect$$libinit$$0000001D  c_w.l(libinit2.o)
    0x08000252   0x00000000   Code   RO          996    .ARM.Collect$$libinit$$0000001F  c_w.l(libinit2.o)
    0x08000252   0x00000000   Code   RO          998    .ARM.Collect$$libinit$$00000021  c_w.l(libinit2.o)
    0x08000252   0x00000000   Code   RO         1000    .ARM.Collect$$libinit$$00000023  c_w.l(libinit2.o)
    0x08000252   0x00000000   Code   RO         1004    .ARM.Collect$$libinit$$0000002A  c_w.l(libinit2.o)
    0x08000252   0x00000000   Code   RO         1006    .ARM.Collect$$libinit$$0000002C  c_w.l(libinit2.o)
    0x08000252   0x00000000   Code   RO         1008    .ARM.Collect$$libinit$$0000002E  c_w.l(libinit2.o)
    0x08000252   0x00000000   Code   RO         1010    .ARM.Collect$$libinit$$00000030  c_w.l(libinit2.o)
    0x08000252   0x00000002   Code   RO         1011    .ARM.Collect$$libinit$$00000031  c_w.l(libinit2.o)
    0x08000254   0x00000002   Code   RO         1045    .ARM.Collect$$libshutdown$$00000000  c_w.l(libshutdown.o)
    0x08000256   0x00000000   Code   RO         1057    .ARM.Collect$$libshutdown$$00000003  c_w.l(libshutdown2.o)
    0x08000256   0x00000000   Code   RO         1060    .ARM.Collect$$libshutdown$$00000006  c_w.l(libshutdown2.o)
    0x08000256   0x00000000   Code   RO         1063    .ARM.Collect$$libshutdown$$00000009  c_w.l(libshutdown2.o)
    0x08000256   0x00000000   Code   RO         1065    .ARM.Collect$$libshutdown$$0000000B  c_w.l(libshutdown2.o)
    0x08000256   0x00000000   Code   RO         1068    .ARM.Collect$$libshutdown$$0000000E  c_w.l(libshutdown2.o)
    0x08000256   0x00000002   Code   RO         1069    .ARM.Collect$$libshutdown$$0000000F  c_w.l(libshutdown2.o)
    0x08000258   0x00000000   Code   RO          797    .ARM.Collect$$rtentry$$00000000  c_w.l(rtentry.o)
    0x08000258   0x00000000   Code   RO          893    .ARM.Collect$$rtentry$$00000002  c_w.l(rtentry2.o)
    0x08000258   0x00000006   Code   RO          905    .ARM.Collect$$rtentry$$00000004  c_w.l(rtentry4.o)
    0x0800025e   0x00000000   Code   RO          895    .ARM.Collect$$rtentry$$00000009  c_w.l(rtentry2.o)
    0x0800025e   0x00000004   Code   RO          896    .ARM.Collect$$rtentry$$0000000A  c_w.l(rtentry2.o)
    0x08000262   0x00000000   Code   RO          898    .ARM.Collect$$rtentry$$0000000C  c_w.l(rtentry2.o)
    0x08000262   0x00000008   Code   RO          899    .ARM.Collect$$rtentry$$0000000D  c_w.l(rtentry2.o)
    0x0800026a   0x00000002   Code   RO         1016    .ARM.Collect$$rtexit$$00000000  c_w.l(rtexit.o)
    0x0800026c   0x00000000   Code   RO         1023    .ARM.Collect$$rtexit$$00000002  c_w.l(rtexit2.o)
    0x0800026c   0x00000004   Code   RO         1024    .ARM.Collect$$rtexit$$00000003  c_w.l(rtexit2.o)
    0x08000270   0x00000006   Code   RO         1025    .ARM.Collect$$rtexit$$00000004  c_w.l(rtexit2.o)
    0x08000276   0x00000002   PAD
    0x08000278   0x0000000a   Code   RO          418    .emb_text           core.o
    0x08000282   0x00000018   Code   RO           17    .text               stm32f10x_it.o
    0x0800029a   0x00000002   PAD
    0x0800029c   0x00000048   Code   RO           91    .text               startup_stm32f10x_hd.o
    0x080002e4   0x000000dc   Code   RO           95    .text               misc.o
    0x080003c0   0x000009e8   Code   RO          137    .text               stm32f10x_can.o
    0x08000da8   0x000005bc   Code   RO          236    .text               stm32f10x_flash.o
    0x08001364   0x00000358   Code   RO          263    .text               stm32f10x_gpio.o
    0x080016bc   0x00000040   Code   RO          290    .text               stm32f10x_iwdg.o
    0x080016fc   0x000003a4   Code   RO          317    .text               stm32f10x_rcc.o
    0x08001aa0   0x00000408   Code   RO          391    .text               stm32f10x_usart.o
    0x08001ea8   0x00000022   Code   RO          451    .text               iwdg.o
    0x08001eca   0x0000008e   Code   RO          466    .text               sysinit.o
    0x08001f58   0x0000013c   Code   RO          478    .text               systick.o
    0x08002094   0x0000075c   Code   RO          501    .text               usart.o
    0x080027f0   0x000003b0   Code   RO          535    .text               sim800.o
    0x08002ba0   0x000000a0   Code   RO          561    .text               gpio.o
    0x08002c40   0x00000174   Code   RO          573    .text               gstar.o
    0x08002db4   0x00001948   Code   RO          595    .text               can.o
    0x080046fc   0x00000122   Code   RO          614    .text               flash.o
    0x0800481e   0x00000002   PAD
    0x08004820   0x00000308   Code   RO          629    .text               main.o
    0x08004b28   0x00004ce8   Code   RO          652    .text               frame.o
    0x08009810   0x000005f8   Code   RO          666    .text               usarttask.o
    0x08009e08   0x00000424   Code   RO          682    .text               tool.o
    0x0800a22c   0x00000024   Code   RO          696    .text               c_w.l(c89vsprintf.o)
    0x0800a250   0x0000002c   Code   RO          698    .text               c_w.l(__2sprintf.o)
    0x0800a27c   0x00000052   Code   RO          704    .text               c_w.l(_printf_str.o)
    0x0800a2ce   0x00000002   PAD
    0x0800a2d0   0x00000078   Code   RO          706    .text               c_w.l(_printf_dec.o)
    0x0800a348   0x0000018c   Code   RO          725    .text               c_w.l(__printf_flags_ss_wp.o)
    0x0800a4d4   0x0000001a   Code   RO          731    .text               c_w.l(atoi.o)
    0x0800a4ee   0x0000001a   Code   RO          733    .text               c_w.l(atol.o)
    0x0800a508   0x00000072   Code   RO          735    .text               c_w.l(strtoul.o)
    0x0800a57a   0x00000024   Code   RO          737    .text               c_w.l(strstr.o)
    0x0800a59e   0x000000b8   Code   RO          739    .text               c_w.l(strlcat.o)
    0x0800a656   0x00000058   Code   RO          741    .text               c_w.l(memcmp.o)
    0x0800a6ae   0x0000003e   Code   RO          743    .text               c_w.l(strlen.o)
    0x0800a6ec   0x00000096   Code   RO          745    .text               c_w.l(strncmp.o)
    0x0800a782   0x0000008a   Code   RO          747    .text               c_w.l(rt_memcpy_v6.o)
    0x0800a80c   0x00000044   Code   RO          749    .text               c_w.l(rt_memclr.o)
    0x0800a850   0x0000004e   Code   RO          751    .text               c_w.l(rt_memclr_w.o)
    0x0800a89e   0x00000056   Code   RO          753    .text               c_w.l(strncpy.o)
    0x0800a8f4   0x00000006   Code   RO          755    .text               c_w.l(heapauxi.o)
    0x0800a8fa   0x00000002   PAD
    0x0800a8fc   0x00000010   Code   RO          798    .text               c_w.l(rt_ctype_table.o)
    0x0800a90c   0x00000008   Code   RO          803    .text               c_w.l(rt_errno_addr_intlibspace.o)
    0x0800a914   0x00000052   Code   RO          805    .text               c_w.l(_printf_pad.o)
    0x0800a966   0x00000024   Code   RO          807    .text               c_w.l(_printf_truncate.o)
    0x0800a98a   0x000000b8   Code   RO          809    .text               c_w.l(_printf_intcommon.o)
    0x0800aa42   0x0000002a   Code   RO          811    .text               c_w.l(_printf_charcount.o)
    0x0800aa6c   0x00000030   Code   RO          813    .text               c_w.l(_printf_char_common.o)
    0x0800aa9c   0x0000000a   Code   RO          815    .text               c_w.l(_sputc.o)
    0x0800aaa6   0x0000002c   Code   RO          817    .text               c_w.l(_printf_char.o)
    0x0800aad2   0x00000002   PAD
    0x0800aad4   0x000000bc   Code   RO          819    .text               c_w.l(_printf_wctomb.o)
    0x0800ab90   0x00000078   Code   RO          822    .text               c_w.l(_printf_longlong_dec.o)
    0x0800ac08   0x00000078   Code   RO          828    .text               c_w.l(_printf_oct_int_ll.o)
    0x0800ac80   0x0000009c   Code   RO          848    .text               c_w.l(_printf_hex_int_ll_ptr.o)
    0x0800ad1c   0x0000009e   Code   RO          872    .text               c_w.l(_strtoul.o)
    0x0800adba   0x00000070   Code   RO          874    .text               c_w.l(strtol.o)
    0x0800ae2a   0x00000064   Code   RO          876    .text               c_w.l(rt_memcpy_w.o)
    0x0800ae8e   0x00000002   PAD
    0x0800ae90   0x00000008   Code   RO          889    .text               c_w.l(libspace.o)
    0x0800ae98   0x00000008   Code   RO          910    .text               c_w.l(rt_locale_intlibspace.o)
    0x0800aea0   0x0000008a   Code   RO          912    .text               c_w.l(lludiv10.o)
    0x0800af2a   0x00000420   Code   RO          914    .text               c_w.l(_printf_fp_dec.o)
    0x0800b34a   0x0000002c   Code   RO          918    .text               c_w.l(_printf_wchar.o)
    0x0800b376   0x0000001c   Code   RO          920    .text               c_w.l(_chval.o)
    0x0800b392   0x00000040   Code   RO          922    .text               c_w.l(_wcrtomb.o)
    0x0800b3d2   0x0000004a   Code   RO          927    .text               c_w.l(sys_stackheap_outer.o)
    0x0800b41c   0x00000080   Code   RO          929    .text               c_w.l(_printf_fp_infnan.o)
    0x0800b49c   0x000000e4   Code   RO          931    .text               c_w.l(bigflt0.o)
    0x0800b580   0x0000000c   Code   RO          959    .text               c_w.l(exit.o)
    0x0800b58c   0x00000080   Code   RO          961    .text               c_w.l(strcmpv7m.o)
    0x0800b60c   0x0000000c   Code   RO         1035    .text               c_w.l(sys_exit.o)
    0x0800b618   0x00000002   Code   RO         1046    .text               c_w.l(use_no_semi.o)
    0x0800b61a   0x00000000   Code   RO         1048    .text               c_w.l(indicate_semi.o)
    0x0800b61a   0x0000003e   Code   RO          934    CL$$btod_d2e        c_w.l(btod.o)
    0x0800b658   0x00000046   Code   RO          936    CL$$btod_d2e_denorm_low  c_w.l(btod.o)
    0x0800b69e   0x00000060   Code   RO          935    CL$$btod_d2e_norm_op1  c_w.l(btod.o)
    0x0800b6fe   0x00000338   Code   RO          944    CL$$btod_div_common  c_w.l(btod.o)
    0x0800ba36   0x000000c6   Code   RO          941    CL$$btod_e2e        c_w.l(btod.o)
    0x0800bafc   0x00000028   Code   RO          938    CL$$btod_ediv       c_w.l(btod.o)
    0x0800bb24   0x00000028   Code   RO          937    CL$$btod_emul       c_w.l(btod.o)
    0x0800bb4c   0x00000244   Code   RO          943    CL$$btod_mult_common  c_w.l(btod.o)
    0x0800bd90   0x00000028   Code   RO         1014    i.__ARM_fpclassify  m_ws.l(fpclassify.o)
    0x0800bdb8   0x0000000e   Code   RO          718    i._is_digit         c_w.l(__printf_wp.o)
    0x0800bdc6   0x00000002   PAD
    0x0800bdc8   0x0000002c   Code   RO          925    locale$$code        c_w.l(lc_ctype_c.o)
    0x0800bdf4   0x0000002c   Code   RO          957    locale$$code        c_w.l(lc_numeric_c.o)
    0x0800be20   0x00000062   Code   RO          759    x$fpl$d2f           fz_ws.l(d2f.o)
    0x0800be82   0x00000002   PAD
    0x0800be84   0x00000150   Code   RO          761    x$fpl$dadd          fz_ws.l(daddsub_clz.o)
    0x0800bfd4   0x0000005a   Code   RO          767    x$fpl$dfixu         fz_ws.l(dfixu.o)
    0x0800c02e   0x00000026   Code   RO          771    x$fpl$dfltu         fz_ws.l(dflt_clz.o)
    0x0800c054   0x00000154   Code   RO          777    x$fpl$dmul          fz_ws.l(dmul.o)
    0x0800c1a8   0x0000009c   Code   RO          878    x$fpl$dnaninf       fz_ws.l(dnaninf.o)
    0x0800c244   0x0000000c   Code   RO          880    x$fpl$dretinf       fz_ws.l(dretinf.o)
    0x0800c250   0x000001d4   Code   RO          763    x$fpl$dsub          fz_ws.l(daddsub_clz.o)
    0x0800c424   0x00000056   Code   RO          779    x$fpl$f2d           fz_ws.l(f2d.o)
    0x0800c47a   0x00000002   PAD
    0x0800c47c   0x000000c4   Code   RO          781    x$fpl$fadd          fz_ws.l(faddsub_clz.o)
    0x0800c540   0x0000003e   Code   RO          787    x$fpl$ffixu         fz_ws.l(ffixu.o)
    0x0800c57e   0x00000002   PAD
    0x0800c580   0x00000030   Code   RO          792    x$fpl$fflt          fz_ws.l(fflt_clz.o)
    0x0800c5b0   0x00000026   Code   RO          791    x$fpl$ffltu         fz_ws.l(fflt_clz.o)
    0x0800c5d6   0x0000008c   Code   RO          882    x$fpl$fnaninf       fz_ws.l(fnaninf.o)
    0x0800c662   0x0000000a   Code   RO          884    x$fpl$fretinf       fz_ws.l(fretinf.o)
    0x0800c66c   0x000000ea   Code   RO          783    x$fpl$fsub          fz_ws.l(faddsub_clz.o)
    0x0800c756   0x00000004   Code   RO          886    x$fpl$printf1       fz_ws.l(printf1.o)
    0x0800c75a   0x00000000   Code   RO          888    x$fpl$usenofp       fz_ws.l(usenofp.o)
    0x0800c75a   0x00000013   Data   RO          503    .constdata          usart.o
    0x0800c76d   0x00000114   Data   RO          597    .constdata          can.o
    0x0800c881   0x00000003   PAD
    0x0800c884   0x00000090   Data   RO          668    .constdata          usarttask.o
    0x0800c914   0x00000011   Data   RO          726    .constdata          c_w.l(__printf_flags_ss_wp.o)
    0x0800c925   0x00000003   PAD
    0x0800c928   0x00000008   Data   RO          820    .constdata          c_w.l(_printf_wctomb.o)
    0x0800c930   0x00000028   Data   RO          849    .constdata          c_w.l(_printf_hex_int_ll_ptr.o)
    0x0800c958   0x00000094   Data   RO          932    .constdata          c_w.l(bigflt0.o)
    0x0800c9ec   0x00000020   Data   RO         1094    Region$$Table       anon$$obj.o
    0x0800ca0c   0x00000110   Data   RO          924    locale$$data        c_w.l(lc_ctype_c.o)
    0x0800cb1c   0x0000001c   Data   RO          956    locale$$data        c_w.l(lc_numeric_c.o)


    Execution Region RW_IRAM1 (Base: 0x20000000, Size: 0x00002888, Max: 0x00005000, ABSOLUTE)

    Base Addr    Size         Type   Attr      Idx    E Section Name        Object

    0x20000000   0x00000014   Data   RW          318    .data               stm32f10x_rcc.o
    0x20000014   0x00000008   Data   RW          480    .data               systick.o
    0x2000001c   0x0000000c   Data   RW          504    .data               usart.o
    0x20000028   0x00000003   Data   RW          537    .data               sim800.o
    0x2000002b   0x00000001   PAD
    0x2000002c   0x0000001c   Data   RW          575    .data               gstar.o
    0x20000048   0x00000020   Zero   RW          479    .bss                systick.o
    0x20000068   0x000012d0   Zero   RW          502    .bss                usart.o
    0x20001338   0x00000062   Zero   RW          536    .bss                sim800.o
    0x2000139a   0x00000064   Zero   RW          574    .bss                gstar.o
    0x200013fe   0x0000030b   Zero   RW          596    .bss                can.o
    0x20001709   0x0000046b   Zero   RW          653    .bss                frame.o
    0x20001b74   0x000004b0   Zero   RW          667    .bss                usarttask.o
    0x20002024   0x00000060   Zero   RW          890    .bss                c_w.l(libspace.o)
    0x20002084   0x00000004   PAD
    0x20002088   0x00000000   Zero   RW           89    HEAP                startup_stm32f10x_hd.o
    0x20002088   0x00000800   Zero   RW           88    STACK               startup_stm32f10x_hd.o


==============================================================================

Image component sizes


      Code (inc. data)   RO Data    RW Data    ZI Data      Debug   Object Name

      6472        270        276          0        779      27559   can.o
        10          0          0          0          0        952   core.o
         0          0          0          0          0       4244   core_cm3.o
       290          0          0          0          0       1923   flash.o
     19688        532          0          0       1131       8435   frame.o
       160          4          0          0          0        491   gpio.o
       372         74          0         28        100       2081   gstar.o
        34          0          0          0          0        400   iwdg.o
       776        336          0          0          0       1415   main.o
       220         20          0          0          0       1673   misc.o
       944        244          0          3         98       2955   sim800.o
        72         26        304          0       2048        788   startup_stm32f10x_hd.o
      2536         36          0          0          0       7724   stm32f10x_can.o
      1468         34          0          0          0       7906   stm32f10x_flash.o
       856         40          0          0          0       5517   stm32f10x_gpio.o
        24          0          0          0          0     243218   stm32f10x_it.o
        64          6          0          0          0       1205   stm32f10x_iwdg.o
       932         44          0         20          0       8636   stm32f10x_rcc.o
      1032         22          0          0          0       8244   stm32f10x_usart.o
       142          0          0          0          0        768   sysinit.o
       316         14          0          8         32      17855   systick.o
      1060         52          0          0          0       5507   tool.o
      1884        246         19         12       4816       7368   usart.o
      1528        338        144          0       1200       4174   usarttask.o

    ----------------------------------------------------------------------
     40884       2338        778         72      10204     371038   Object Totals
         0          0         32          0          0          0   (incl. Generated)
         4          0          3          1          0          0   (incl. Padding)

    ----------------------------------------------------------------------

      Code (inc. data)   RO Data    RW Data    ZI Data      Debug   Library Member Name

        44          6          0          0          0         84   __2sprintf.o
         8          0          0          0          0         68   __main.o
       396          6         17          0          0         92   __printf_flags_ss_wp.o
        14          0          0          0          0         68   __printf_wp.o
        52          8          0          0          0          0   __scatter.o
        26          0          0          0          0          0   __scatter_copy.o
        28          0          0          0          0          0   __scatter_zi.o
        28          0          0          0          0         68   _chval.o
         6          0          0          0          0          0   _printf_a.o
         6          0          0          0          0          0   _printf_c.o
        44          0          0          0          0        108   _printf_char.o
        48          6          0          0          0         96   _printf_char_common.o
        42          0          0          0          0         68   _printf_charcount.o
         6          0          0          0          0          0   _printf_d.o
       120         18          0          0          0         92   _printf_dec.o
         6          0          0          0          0          0   _printf_e.o
         6          0          0          0          0          0   _printf_f.o
      1056          0          0          0          0        212   _printf_fp_dec.o
       128         16          0          0          0         84   _printf_fp_infnan.o
         6          0          0          0          0          0   _printf_g.o
       156          6         40          0          0        160   _printf_hex_int_ll_ptr.o
         6          0          0          0          0          0   _printf_i.o
       184          0          0          0          0         88   _printf_intcommon.o
        10          0          0          0          0          0   _printf_l.o
         6          0          0          0          0          0   _printf_lc.o
        10          0          0          0          0          0   _printf_ll.o
         6          0          0          0          0          0   _printf_lld.o
         6          0          0          0          0          0   _printf_lli.o
         6          0          0          0          0          0   _printf_llo.o
         6          0          0          0          0          0   _printf_llu.o
         6          0          0          0          0          0   _printf_llx.o
       120         16          0          0          0         92   _printf_longlong_dec.o
         6          0          0          0          0          0   _printf_ls.o
         6          0          0          0          0          0   _printf_n.o
         6          0          0          0          0          0   _printf_o.o
       120          8          0          0          0        124   _printf_oct_int_ll.o
         6          0          0          0          0          0   _printf_p.o
        82          0          0          0          0        108   _printf_pad.o
         0          0          0          0          0          0   _printf_percent.o
         4          0          0          0          0          0   _printf_percent_end.o
         6          0          0          0          0          0   _printf_s.o
        82          0          0          0          0         80   _printf_str.o
        36          0          0          0          0         84   _printf_truncate.o
         6          0          0          0          0          0   _printf_u.o
        44          0          0          0          0        108   _printf_wchar.o
       188          6          8          0          0         92   _printf_wctomb.o
         6          0          0          0          0          0   _printf_x.o
        10          0          0          0          0         68   _sputc.o
       158          0          0          0          0         92   _strtoul.o
        64          0          0          0          0         92   _wcrtomb.o
        26          0          0          0          0         80   atoi.o
        26          0          0          0          0         80   atol.o
       228          6        148          0          0         96   bigflt0.o
      1910        128          0          0          0        672   btod.o
        36          4          0          0          0         76   c89vsprintf.o
        12          0          0          0          0         72   exit.o
         6          0          0          0          0        152   heapauxi.o
         0          0          0          0          0          0   indicate_semi.o
        44         10        272          0          0         76   lc_ctype_c.o
        44         10         28          0          0         76   lc_numeric_c.o
         2          0          0          0          0          0   libinit.o
        30          0          0          0          0          0   libinit2.o
         2          0          0          0          0          0   libshutdown.o
         2          0          0          0          0          0   libshutdown2.o
         8          4          0          0         96         68   libspace.o
       138          0          0          0          0         80   lludiv10.o
        88          0          0          0          0         76   memcmp.o
        16          4          0          0          0         76   rt_ctype_table.o
         8          4          0          0          0         68   rt_errno_addr_intlibspace.o
         8          4          0          0          0         68   rt_locale_intlibspace.o
        68          0          0          0          0         68   rt_memclr.o
        78          0          0          0          0         80   rt_memclr_w.o
       138          0          0          0          0         68   rt_memcpy_v6.o
       100          0          0          0          0         80   rt_memcpy_w.o
         0          0          0          0          0          0   rtentry.o
        12          0          0          0          0          0   rtentry2.o
         6          0          0          0          0          0   rtentry4.o
         2          0          0          0          0          0   rtexit.o
        10          0          0          0          0          0   rtexit2.o
       128          0          0          0          0         68   strcmpv7m.o
       184          0          0          0          0         84   strlcat.o
        62          0          0          0          0         76   strlen.o
       150          0          0          0          0         80   strncmp.o
        86          0          0          0          0         76   strncpy.o
        36          0          0          0          0         80   strstr.o
       112          0          0          0          0         88   strtol.o
       114          0          0          0          0         92   strtoul.o
        12          4          0          0          0         68   sys_exit.o
        74          0          0          0          0         80   sys_stackheap_outer.o
         2          0          0          0          0         68   use_no_semi.o
        98          4          0          0          0         92   d2f.o
       804         16          0          0          0        280   daddsub_clz.o
        90          4          0          0          0         92   dfixu.o
        38          0          0          0          0         68   dflt_clz.o
       340         12          0          0          0        104   dmul.o
       156          4          0          0          0         92   dnaninf.o
        12          0          0          0          0         68   dretinf.o
        86          4          0          0          0         84   f2d.o
       430          8          0          0          0        168   faddsub_clz.o
        62          4          0          0          0         84   ffixu.o
        86          0          0          0          0        136   fflt_clz.o
       140          4          0          0          0         84   fnaninf.o
        10          0          0          0          0         68   fretinf.o
         4          0          0          0          0         68   printf1.o
         0          0          0          0          0          0   usenofp.o
        40          0          0          0          0         68   fpclassify.o

    ----------------------------------------------------------------------
      9846        334        516          0        100       6756   Library Totals
        20          0          3          0          4          0   (incl. Padding)

    ----------------------------------------------------------------------

      Code (inc. data)   RO Data    RW Data    ZI Data      Debug   Library Name

      7430        274        513          0         96       5200   c_w.l
      2356         60          0          0          0       1488   fz_ws.l
        40          0          0          0          0         68   m_ws.l

    ----------------------------------------------------------------------
      9846        334        516          0        100       6756   Library Totals

    ----------------------------------------------------------------------

==============================================================================


      Code (inc. data)   RO Data    RW Data    ZI Data      Debug   

     50730       2672       1294         72      10304     371866   Grand Totals
     50730       2672       1294         72      10304     371866   ELF Image Totals
     50730       2672       1294         72          0          0   ROM Totals

==============================================================================

    Total RO  Size (Code + RO Data)                52024 (  50.80kB)
    Total RW  Size (RW Data + ZI Data)             10376 (  10.13kB)
    Total ROM Size (Code + RO Data + RW Data)      52096 (  50.88kB)

==============================================================================

